Archive member included because of file (symbol)

c:/ac6/systemworkbench/plugins/fr.ac6.mcu.externaltools.arm-none.win32_1.3.0.201507241045/tools/compiler/bin/../lib/gcc/arm-none-eabi/4.9.3/armv7e-m/fpu\libgcc.a(_arm_addsubdf3.o)
                              Application/User/HAL/imu.o (__aeabi_dsub)
c:/ac6/systemworkbench/plugins/fr.ac6.mcu.externaltools.arm-none.win32_1.3.0.201507241045/tools/compiler/bin/../lib/gcc/arm-none-eabi/4.9.3/armv7e-m/fpu\libgcc.a(_arm_muldivdf3.o)
                              Application/User/HAL/battery.o (__aeabi_dmul)
c:/ac6/systemworkbench/plugins/fr.ac6.mcu.externaltools.arm-none.win32_1.3.0.201507241045/tools/compiler/bin/../lib/gcc/arm-none-eabi/4.9.3/armv7e-m/fpu\libgcc.a(_arm_truncdfsf2.o)
                              Application/User/IMU/MadgwickAHRS.o (__aeabi_d2f)
c:/ac6/systemworkbench/plugins/fr.ac6.mcu.externaltools.arm-none.win32_1.3.0.201507241045/tools/compiler/bin/../lib/gcc/arm-none-eabi/4.9.3/../../../../arm-none-eabi/lib/armv7e-m/fpu\libc_nano.a(lib_a-exit.o)
                              c:/ac6/systemworkbench/plugins/fr.ac6.mcu.externaltools.arm-none.win32_1.3.0.201507241045/tools/compiler/bin/../lib/gcc/arm-none-eabi/4.9.3/../../../../arm-none-eabi/lib/armv7e-m/fpu/rdimon-crt0.o (exit)
c:/ac6/systemworkbench/plugins/fr.ac6.mcu.externaltools.arm-none.win32_1.3.0.201507241045/tools/compiler/bin/../lib/gcc/arm-none-eabi/4.9.3/../../../../arm-none-eabi/lib/armv7e-m/fpu\libc_nano.a(lib_a-impure.o)
                              c:/ac6/systemworkbench/plugins/fr.ac6.mcu.externaltools.arm-none.win32_1.3.0.201507241045/tools/compiler/bin/../lib/gcc/arm-none-eabi/4.9.3/../../../../arm-none-eabi/lib/armv7e-m/fpu\libc_nano.a(lib_a-exit.o) (_global_impure_ptr)
c:/ac6/systemworkbench/plugins/fr.ac6.mcu.externaltools.arm-none.win32_1.3.0.201507241045/tools/compiler/bin/../lib/gcc/arm-none-eabi/4.9.3/../../../../arm-none-eabi/lib/armv7e-m/fpu\libc_nano.a(lib_a-init.o)
                              c:/ac6/systemworkbench/plugins/fr.ac6.mcu.externaltools.arm-none.win32_1.3.0.201507241045/tools/compiler/bin/../lib/gcc/arm-none-eabi/4.9.3/../../../../arm-none-eabi/lib/armv7e-m/fpu/rdimon-crt0.o (__libc_init_array)
c:/ac6/systemworkbench/plugins/fr.ac6.mcu.externaltools.arm-none.win32_1.3.0.201507241045/tools/compiler/bin/../lib/gcc/arm-none-eabi/4.9.3/../../../../arm-none-eabi/lib/armv7e-m/fpu\libc_nano.a(lib_a-memset.o)
                              c:/ac6/systemworkbench/plugins/fr.ac6.mcu.externaltools.arm-none.win32_1.3.0.201507241045/tools/compiler/bin/../lib/gcc/arm-none-eabi/4.9.3/../../../../arm-none-eabi/lib/armv7e-m/fpu/rdimon-crt0.o (memset)
c:/ac6/systemworkbench/plugins/fr.ac6.mcu.externaltools.arm-none.win32_1.3.0.201507241045/tools/compiler/bin/../lib/gcc/arm-none-eabi/4.9.3/../../../../arm-none-eabi/lib/armv7e-m/fpu\libnosys.a(_exit.o)
                              c:/ac6/systemworkbench/plugins/fr.ac6.mcu.externaltools.arm-none.win32_1.3.0.201507241045/tools/compiler/bin/../lib/gcc/arm-none-eabi/4.9.3/../../../../arm-none-eabi/lib/armv7e-m/fpu\libc_nano.a(lib_a-exit.o) (_exit)
c:/ac6/systemworkbench/plugins/fr.ac6.mcu.externaltools.arm-none.win32_1.3.0.201507241045/tools/compiler/bin/../lib/gcc/arm-none-eabi/4.9.3/../../../../arm-none-eabi/lib/armv7e-m/fpu\librdimon_nano.a(rdimon-syscalls.o)
                              c:/ac6/systemworkbench/plugins/fr.ac6.mcu.externaltools.arm-none.win32_1.3.0.201507241045/tools/compiler/bin/../lib/gcc/arm-none-eabi/4.9.3/../../../../arm-none-eabi/lib/armv7e-m/fpu/rdimon-crt0.o (initialise_monitor_handles)
c:/ac6/systemworkbench/plugins/fr.ac6.mcu.externaltools.arm-none.win32_1.3.0.201507241045/tools/compiler/bin/../lib/gcc/arm-none-eabi/4.9.3/../../../../arm-none-eabi/lib/armv7e-m/fpu\libc_nano.a(lib_a-errno.o)
                              c:/ac6/systemworkbench/plugins/fr.ac6.mcu.externaltools.arm-none.win32_1.3.0.201507241045/tools/compiler/bin/../lib/gcc/arm-none-eabi/4.9.3/../../../../arm-none-eabi/lib/armv7e-m/fpu\librdimon_nano.a(rdimon-syscalls.o) (__errno)
c:/ac6/systemworkbench/plugins/fr.ac6.mcu.externaltools.arm-none.win32_1.3.0.201507241045/tools/compiler/bin/../lib/gcc/arm-none-eabi/4.9.3/../../../../arm-none-eabi/lib/armv7e-m/fpu\libc_nano.a(lib_a-findfp.o)
                              c:/ac6/systemworkbench/plugins/fr.ac6.mcu.externaltools.arm-none.win32_1.3.0.201507241045/tools/compiler/bin/../lib/gcc/arm-none-eabi/4.9.3/../../../../arm-none-eabi/lib/armv7e-m/fpu\librdimon_nano.a(rdimon-syscalls.o) (__sinit)
c:/ac6/systemworkbench/plugins/fr.ac6.mcu.externaltools.arm-none.win32_1.3.0.201507241045/tools/compiler/bin/../lib/gcc/arm-none-eabi/4.9.3/../../../../arm-none-eabi/lib/armv7e-m/fpu\libc_nano.a(lib_a-fwalk.o)
                              c:/ac6/systemworkbench/plugins/fr.ac6.mcu.externaltools.arm-none.win32_1.3.0.201507241045/tools/compiler/bin/../lib/gcc/arm-none-eabi/4.9.3/../../../../arm-none-eabi/lib/armv7e-m/fpu\libc_nano.a(lib_a-findfp.o) (_fwalk)
[...]
Memory Configuration

Name             Origin             Length             Attributes
FLASH            0x08000000         0x00100000         xr
RAM              0x20000000         0x00020000         xrw
CCMRAM           0x10000000         0x00010000         rw
*default*        0x00000000         0xffffffff

Linker script and memory map

LOAD c:/ac6/systemworkbench/plugins/fr.ac6.mcu.externaltools.arm-none.win32_1.3.0.201507241045/tools/compiler/bin/../lib/gcc/arm-none-eabi/4.9.3/armv7e-m/fpu/crti.o
LOAD c:/ac6/systemworkbench/plugins/fr.ac6.mcu.externaltools.arm-none.win32_1.3.0.201507241045/tools/compiler/bin/../lib/gcc/arm-none-eabi/4.9.3/armv7e-m/fpu/crtbegin.o
LOAD c:/ac6/systemworkbench/plugins/fr.ac6.mcu.externaltools.arm-none.win32_1.3.0.201507241045/tools/compiler/bin/../lib/gcc/arm-none-eabi/4.9.3/../../../../arm-none-eabi/lib/armv7e-m/fpu/rdimon-crt0.o
LOAD c:/ac6/systemworkbench/plugins/fr.ac6.mcu.externaltools.arm-none.win32_1.3.0.201507241045/tools/compiler/bin/../lib/gcc/arm-none-eabi/4.9.3/../../../../arm-none-eabi/lib/armv7e-m/fpu\libm.a
LOAD Drivers/STM32F4xx_HAL_Driver/stm32f4xx_hal.o
LOAD Drivers/STM32F4xx_HAL_Driver/stm32f4xx_hal_adc.o
LOAD Drivers/STM32F4xx_HAL_Driver/stm32f4xx_hal_adc_ex.o
LOAD Drivers/STM32F4xx_HAL_Driver/stm32f4xx_hal_cortex.o
LOAD Drivers/STM32F4xx_HAL_Driver/stm32f4xx_hal_dma.o
LOAD Drivers/STM32F4xx_HAL_Driver/stm32f4xx_hal_dma_ex.o
LOAD Drivers/STM32F4xx_HAL_Driver/stm32f4xx_hal_flash.o
LOAD Drivers/STM32F4xx_HAL_Driver/stm32f4xx_hal_flash_ex.o
LOAD Drivers/STM32F4xx_HAL_Driver/stm32f4xx_hal_flash_ramfunc.o
LOAD Drivers/STM32F4xx_HAL_Driver/stm32f4xx_hal_gpio.o
LOAD Drivers/STM32F4xx_HAL_Driver/stm32f4xx_hal_i2c.o
LOAD Drivers/STM32F4xx_HAL_Driver/stm32f4xx_hal_i2c_ex.o
LOAD Drivers/STM32F4xx_HAL_Driver/stm32f4xx_hal_pwr.o
LOAD Drivers/STM32F4xx_HAL_Driver/stm32f4xx_hal_pwr_ex.o
LOAD Drivers/STM32F4xx_HAL_Driver/stm32f4xx_hal_rcc.o
LOAD Drivers/STM32F4xx_HAL_Driver/stm32f4xx_hal_rcc_ex.o
LOAD Drivers/STM32F4xx_HAL_Driver/stm32f4xx_hal_spi.o
LOAD Drivers/STM32F4xx_HAL_Driver/stm32f4xx_hal_tim.o
LOAD Drivers/STM32F4xx_HAL_Driver/stm32f4xx_hal_tim_ex.o
LOAD Drivers/STM32F4xx_HAL_Driver/stm32f4xx_hal_uart.o
LOAD Drivers/CMSIS/system_stm32f4xx.o
LOAD Application/User/main.o
LOAD Application/User/stm32f4xx_hal_msp.o
LOAD Application/User/stm32f4xx_it.o
LOAD Application/User/IMU/MadgwickAHRS.o
LOAD Application/User/HAL/app_fw.o
LOAD Application/User/HAL/battery.o
LOAD Application/User/HAL/delay.o
LOAD Application/User/HAL/imu.o
LOAD Application/User/HAL/itoa.o
LOAD Application/User/HAL/led.o
LOAD Application/User/HAL/serial.o
LOAD Application/User/APP/app_main.o
LOAD Application/User/APP/ihm.o
LOAD Application/User/APP/threshold.o
LOAD Application/SW4STM32/startup_stm32f415xx.o
START GROUP
LOAD c:/ac6/systemworkbench/plugins/fr.ac6.mcu.externaltools.arm-none.win32_1.3.0.201507241045/tools/compiler/bin/../lib/gcc/arm-none-eabi/4.9.3/armv7e-m/fpu\libgcc.a
LOAD c:/ac6/systemworkbench/plugins/fr.ac6.mcu.externaltools.arm-none.win32_1.3.0.201507241045/tools/compiler/bin/../lib/gcc/arm-none-eabi/4.9.3/../../../../arm-none-eabi/lib/armv7e-m/fpu\libc_nano.a
END GROUP
START GROUP
LOAD c:/ac6/systemworkbench/plugins/fr.ac6.mcu.externaltools.arm-none.win32_1.3.0.201507241045/tools/compiler/bin/../lib/gcc/arm-none-eabi/4.9.3/armv7e-m/fpu\libgcc.a
LOAD c:/ac6/systemworkbench/plugins/fr.ac6.mcu.externaltools.arm-none.win32_1.3.0.201507241045/tools/compiler/bin/../lib/gcc/arm-none-eabi/4.9.3/../../../../arm-none-eabi/lib/armv7e-m/fpu\libc_nano.a
LOAD c:/ac6/systemworkbench/plugins/fr.ac6.mcu.externaltools.arm-none.win32_1.3.0.201507241045/tools/compiler/bin/../lib/gcc/arm-none-eabi/4.9.3/../../../../arm-none-eabi/lib/armv7e-m/fpu\libnosys.a
END GROUP
START GROUP
LOAD c:/ac6/systemworkbench/plugins/fr.ac6.mcu.externaltools.arm-none.win32_1.3.0.201507241045/tools/compiler/bin/../lib/gcc/arm-none-eabi/4.9.3/armv7e-m/fpu\libgcc.a
LOAD c:/ac6/systemworkbench/plugins/fr.ac6.mcu.externaltools.arm-none.win32_1.3.0.201507241045/tools/compiler/bin/../lib/gcc/arm-none-eabi/4.9.3/../../../../arm-none-eabi/lib/armv7e-m/fpu\libc_nano.a
LOAD c:/ac6/systemworkbench/plugins/fr.ac6.mcu.externaltools.arm-none.win32_1.3.0.201507241045/tools/compiler/bin/../lib/gcc/arm-none-eabi/4.9.3/../../../../arm-none-eabi/lib/armv7e-m/fpu\librdimon_nano.a
LOAD c:/ac6/systemworkbench/plugins/fr.ac6.mcu.externaltools.arm-none.win32_1.3.0.201507241045/tools/compiler/bin/../lib/gcc/arm-none-eabi/4.9.3/../../../../arm-none-eabi/lib/armv7e-m/fpu\libnosys.a
END GROUP
START GROUP
LOAD c:/ac6/systemworkbench/plugins/fr.ac6.mcu.externaltools.arm-none.win32_1.3.0.201507241045/tools/compiler/bin/../lib/gcc/arm-none-eabi/4.9.3/armv7e-m/fpu\libgcc.a
LOAD c:/ac6/systemworkbench/plugins/fr.ac6.mcu.externaltools.arm-none.win32_1.3.0.201507241045/tools/compiler/bin/../lib/gcc/arm-none-eabi/4.9.3/../../../../arm-none-eabi/lib/armv7e-m/fpu\libc_nano.a
LOAD c:/ac6/systemworkbench/plugins/fr.ac6.mcu.externaltools.arm-none.win32_1.3.0.201507241045/tools/compiler/bin/../lib/gcc/arm-none-eabi/4.9.3/../../../../arm-none-eabi/lib/armv7e-m/fpu\librdimon_nano.a
END GROUP
LOAD c:/ac6/systemworkbench/plugins/fr.ac6.mcu.externaltools.arm-none.win32_1.3.0.201507241045/tools/compiler/bin/../lib/gcc/arm-none-eabi/4.9.3/armv7e-m/fpu/crtend.o
LOAD c:/ac6/systemworkbench/plugins/fr.ac6.mcu.externaltools.arm-none.win32_1.3.0.201507241045/tools/compiler/bin/../lib/gcc/arm-none-eabi/4.9.3/armv7e-m/fpu/crtn.o
                0x20020000                _estack = 0x20020000
                0x00000200                _Min_Heap_Size = 0x200
                0x00000400                _Min_Stack_Size = 0x400

.isr_vector     0x08000000      0x188
                0x08000000                . = ALIGN (0x4)
 *(.isr_vector)
 .isr_vector    0x08000000      0x188 Application/SW4STM32/startup_stm32f415xx.o
                0x08000000                g_pfnVectors
                0x08000188                . = ALIGN (0x4)

.text           0x08000188     0x76cc
                0x08000188                . = ALIGN (0x4)
 *(.text)
 .text          0x08000188       0x5c c:/ac6/systemworkbench/plugins/fr.ac6.mcu.externaltools.arm-none.win32_1.3.0.201507241045/tools/compiler/bin/../lib/gcc/arm-none-eabi/4.9.3/armv7e-m/fpu/crtbegin.o
 .text          0x080001e4      0x370 c:/ac6/systemworkbench/plugins/fr.ac6.mcu.externaltools.arm-none.win32_1.3.0.201507241045/tools/compiler/bin/../lib/gcc/arm-none-eabi/4.9.3/armv7e-m/fpu\libgcc.a(_arm_addsubdf3.o)
                0x080001e4                __aeabi_drsub
                0x080001ec                __aeabi_dsub
                0x080001ec                __subdf3
                0x080001f0                __aeabi_dadd
                0x080001f0                __adddf3
                0x08000468                __floatunsidf
                0x08000468                __aeabi_ui2d
                0x08000488                __floatsidf
                0x08000488                __aeabi_i2d
                0x080004ac                __aeabi_f2d
                0x080004ac                __extendsfdf2
                0x080004e8                __floatundidf
                0x080004e8                __aeabi_ul2d
                0x080004f8                __floatdidf
                0x080004f8                __aeabi_l2d
 .text          0x08000554      0x424 c:/ac6/systemworkbench/plugins/fr.ac6.mcu.externaltools.arm-none.win32_1.3.0.201507241045/tools/compiler/bin/../lib/gcc/arm-none-eabi/4.9.3/armv7e-m/fpu\libgcc.a(_arm_muldivdf3.o)
                0x08000554                __aeabi_dmul
                0x08000554                __muldf3
                0x080007a8                __divdf3
                0x080007a8                __aeabi_ddiv
 .text          0x08000978       0xa0 c:/ac6/systemworkbench/plugins/fr.ac6.mcu.externaltools.arm-none.win32_1.3.0.201507241045/tools/compiler/bin/../lib/gcc/arm-none-eabi/4.9.3/armv7e-m/fpu\libgcc.a(_arm_truncdfsf2.o)
                0x08000978                __truncdfsf2
                0x08000978                __aeabi_d2f
 .text          0x08000a18      0x110 c:/ac6/systemworkbench/plugins/fr.ac6.mcu.externaltools.arm-none.win32_1.3.0.201507241045/tools/compiler/bin/../lib/gcc/arm-none-eabi/4.9.3/armv7e-m/fpu\libgcc.a(_arm_cmpdf2.o)
                0x08000a18                __gtdf2
                0x08000a18                __gedf2
                0x08000a20                __ltdf2
                0x08000a20                __ledf2
                0x08000a28                __nedf2
                0x08000a28                __eqdf2
                0x08000a28                __cmpdf2
                0x08000aa4                __aeabi_cdrcmple
                0x08000ab4                __aeabi_cdcmpeq
                0x08000ab4                __aeabi_cdcmple
                0x08000ac4                __aeabi_dcmpeq
                0x08000ad8                __aeabi_dcmplt
                0x08000aec                __aeabi_dcmple
                0x08000b00                __aeabi_dcmpge
                0x08000b14                __aeabi_dcmpgt
 .text          0x08000b28       0x50 c:/ac6/systemworkbench/plugins/fr.ac6.mcu.externaltools.arm-none.win32_1.3.0.201507241045/tools/compiler/bin/../lib/gcc/arm-none-eabi/4.9.3/armv7e-m/fpu\libgcc.a(_arm_fixdfsi.o)
                0x08000b28                __aeabi_d2iz
                0x08000b28                __fixdfsi
 *(.text*)
 .text.HAL_InitTick
                0x08000b78       0x24 Drivers/STM32F4xx_HAL_Driver/stm32f4xx_hal.o
                0x08000b78                HAL_InitTick
 .text.HAL_Init
                0x08000b9c       0x34 Drivers/STM32F4xx_HAL_Driver/stm32f4xx_hal.o
                0x08000b9c                HAL_Init
 .text.HAL_IncTick
                0x08000bd0       0x10 Drivers/STM32F4xx_HAL_Driver/stm32f4xx_hal.o
                0x08000bd0                HAL_IncTick
 .text.HAL_GetTick
                0x08000be0        0xc Drivers/STM32F4xx_HAL_Driver/stm32f4xx_hal.o
                0x08000be0                HAL_GetTick
 .text.HAL_ADC_Init
                0x08000bec      0x138 Drivers/STM32F4xx_HAL_Driver/stm32f4xx_hal_adc.o
                0x08000bec                HAL_ADC_Init
 .text.HAL_ADC_Start_DMA
                0x08000d24       0xa8 Drivers/STM32F4xx_HAL_Driver/stm32f4xx_hal_adc.o
                0x08000d24                HAL_ADC_Start_DMA
 .text.HAL_ADC_ConvCpltCallback
                0x08000dcc        0x2 Drivers/STM32F4xx_HAL_Driver/stm32f4xx_hal_adc.o
                0x08000dcc                HAL_ADC_ConvCpltCallback
 .text.ADC_DMAConvCplt
                0x08000dce       0x1a Drivers/STM32F4xx_HAL_Driver/stm32f4xx_hal_adc.o
 .text.HAL_ADC_ConvHalfCpltCallback
                0x08000de8        0x2 Drivers/STM32F4xx_HAL_Driver/stm32f4xx_hal_adc.o
                0x08000de8                HAL_ADC_ConvHalfCpltCallback
 .text.ADC_DMAHalfConvCplt
                0x08000dea        0xa Drivers/STM32F4xx_HAL_Driver/stm32f4xx_hal_adc.o
 .text.HAL_ADC_LevelOutOfWindowCallback
                0x08000df4        0x2 Drivers/STM32F4xx_HAL_Driver/stm32f4xx_hal_adc.o
                0x08000df4                HAL_ADC_LevelOutOfWindowCallback
 .text.HAL_ADC_ErrorCallback
                0x08000df6        0x2 Drivers/STM32F4xx_HAL_Driver/stm32f4xx_hal_adc.o
                0x08000df6                HAL_ADC_ErrorCallback
 .text.HAL_ADC_IRQHandler
                0x08000df8       0xf2 Drivers/STM32F4xx_HAL_Driver/stm32f4xx_hal_adc.o
                0x08000df8                HAL_ADC_IRQHandler
 .text.ADC_DMAError
                0x08000eea       0x18 Drivers/STM32F4xx_HAL_Driver/stm32f4xx_hal_adc.o
 *fill*         0x08000f02        0x2 
 .text.HAL_ADC_ConfigChannel
                0x08000f04      0x120 Drivers/STM32F4xx_HAL_Driver/stm32f4xx_hal_adc.o
                0x08000f04                HAL_ADC_ConfigChannel
 .text.HAL_ADCEx_InjectedConvCpltCallback
                0x08001024        0x2 Drivers/STM32F4xx_HAL_Driver/stm32f4xx_hal_adc_ex.o
                0x08001024                HAL_ADCEx_InjectedConvCpltCallback
 *fill*         0x08001026        0x2 
 .text.HAL_NVIC_SetPriorityGrouping
                0x08001028       0x24 Drivers/STM32F4xx_HAL_Driver/stm32f4xx_hal_cortex.o
                0x08001028                HAL_NVIC_SetPriorityGrouping
 .text.HAL_NVIC_SetPriority
                0x0800104c       0x60 Drivers/STM32F4xx_HAL_Driver/stm32f4xx_hal_cortex.o
                0x0800104c                HAL_NVIC_SetPriority
 .text.HAL_NVIC_EnableIRQ
                0x080010ac       0x18 Drivers/STM32F4xx_HAL_Driver/stm32f4xx_hal_cortex.o
                0x080010ac                HAL_NVIC_EnableIRQ
 .text.HAL_SYSTICK_Config
                0x080010c4       0x2c Drivers/STM32F4xx_HAL_Driver/stm32f4xx_hal_cortex.o
                0x080010c4                HAL_SYSTICK_Config
 .text.HAL_SYSTICK_CLKSourceConfig
                0x080010f0       0x18 Drivers/STM32F4xx_HAL_Driver/stm32f4xx_hal_cortex.o
                0x080010f0                HAL_SYSTICK_CLKSourceConfig
 .text.HAL_SYSTICK_IRQHandler
                0x08001108        0x8 Drivers/STM32F4xx_HAL_Driver/stm32f4xx_hal_cortex.o
                0x08001108                HAL_SYSTICK_IRQHandler
 .text.DMA_CalcBaseAndBitshift
                0x08001110       0x2c Drivers/STM32F4xx_HAL_Driver/stm32f4xx_hal_dma.o
 .text.HAL_DMA_Init
                0x0800113c       0x74 Drivers/STM32F4xx_HAL_Driver/stm32f4xx_hal_dma.o
                0x0800113c                HAL_DMA_Init
 .text.HAL_DMA_Start_IT
                0x080011b0       0x5a Drivers/STM32F4xx_HAL_Driver/stm32f4xx_hal_dma.o
                0x080011b0                HAL_DMA_Start_IT
 *fill*         0x0800120a        0x2 
 .text.HAL_DMA_IRQHandler
                0x0800120c      0x160 Drivers/STM32F4xx_HAL_Driver/stm32f4xx_hal_dma.o
                0x0800120c                HAL_DMA_IRQHandler
 .text.HAL_GPIO_Init
                0x0800136c      0x1d4 Drivers/STM32F4xx_HAL_Driver/stm32f4xx_hal_gpio.o
                0x0800136c                HAL_GPIO_Init
 .text.HAL_GPIO_ReadPin
                0x08001540        0xc Drivers/STM32F4xx_HAL_Driver/stm32f4xx_hal_gpio.o
                0x08001540                HAL_GPIO_ReadPin
 .text.HAL_GPIO_WritePin
                0x0800154c        0x8 Drivers/STM32F4xx_HAL_Driver/stm32f4xx_hal_gpio.o
                0x0800154c                HAL_GPIO_WritePin
 .text.HAL_GPIO_EXTI_IRQHandler
                0x08001554       0x18 Drivers/STM32F4xx_HAL_Driver/stm32f4xx_hal_gpio.o
                0x08001554                HAL_GPIO_EXTI_IRQHandler
 .text.I2C_WaitOnMasterAddressFlagUntilTimeout
                0x0800156c       0x7e Drivers/STM32F4xx_HAL_Driver/stm32f4xx_hal_i2c.o
 .text.I2C_WaitOnFlagUntilTimeout
                0x080015ea       0x96 Drivers/STM32F4xx_HAL_Driver/stm32f4xx_hal_i2c.o
 .text.I2C_RequestMemoryWrite
                0x08001680       0x94 Drivers/STM32F4xx_HAL_Driver/stm32f4xx_hal_i2c.o
 .text.I2C_RequestMemoryRead
                0x08001714       0xd8 Drivers/STM32F4xx_HAL_Driver/stm32f4xx_hal_i2c.o
 .text.HAL_I2C_Init
                0x080017ec       0xd8 Drivers/STM32F4xx_HAL_Driver/stm32f4xx_hal_i2c.o
                0x080017ec                HAL_I2C_Init
 .text.HAL_I2C_Mem_Write
                0x080018c4       0xe4 Drivers/STM32F4xx_HAL_Driver/stm32f4xx_hal_i2c.o
                0x080018c4                HAL_I2C_Mem_Write
 .text.HAL_I2C_Mem_Read
                0x080019a8      0x1bc Drivers/STM32F4xx_HAL_Driver/stm32f4xx_hal_i2c.o
                0x080019a8                HAL_I2C_Mem_Read
 .text.HAL_RCC_OscConfig
                0x08001b64      0x308 Drivers/STM32F4xx_HAL_Driver/stm32f4xx_hal_rcc.o
                0x08001b64                HAL_RCC_OscConfig
 .text.HAL_RCC_ClockConfig
                0x08001e6c      0x208 Drivers/STM32F4xx_HAL_Driver/stm32f4xx_hal_rcc.o
                0x08001e6c                HAL_RCC_ClockConfig
 .text.HAL_RCC_GetSysClockFreq
                0x08002074       0x80 Drivers/STM32F4xx_HAL_Driver/stm32f4xx_hal_rcc.o
                0x08002074                HAL_RCC_GetSysClockFreq
 .text.HAL_RCC_GetHCLKFreq
                0x080020f4       0x34 Drivers/STM32F4xx_HAL_Driver/stm32f4xx_hal_rcc.o
                0x080020f4                HAL_RCC_GetHCLKFreq
 .text.HAL_RCC_GetPCLK1Freq
                0x08002128       0x2c Drivers/STM32F4xx_HAL_Driver/stm32f4xx_hal_rcc.o
                0x08002128                HAL_RCC_GetPCLK1Freq
 .text.HAL_RCC_GetPCLK2Freq
                0x08002154       0x2c Drivers/STM32F4xx_HAL_Driver/stm32f4xx_hal_rcc.o
                0x08002154                HAL_RCC_GetPCLK2Freq
 .text.HAL_SPI_Init
                0x08002180       0x7a Drivers/STM32F4xx_HAL_Driver/stm32f4xx_hal_spi.o
                0x08002180                HAL_SPI_Init
 *fill*         0x080021fa        0x2 
 .text.TIM_OC1_SetConfig
                0x080021fc       0x58 Drivers/STM32F4xx_HAL_Driver/stm32f4xx_hal_tim.o
 .text.TIM_OC3_SetConfig
                0x08002254       0x60 Drivers/STM32F4xx_HAL_Driver/stm32f4xx_hal_tim.o
 .text.TIM_OC4_SetConfig
                0x080022b4       0x50 Drivers/STM32F4xx_HAL_Driver/stm32f4xx_hal_tim.o
 .text.TIM_SlaveTimer_SetConfig
                0x08002304       0xaa Drivers/STM32F4xx_HAL_Driver/stm32f4xx_hal_tim.o
 .text.HAL_TIM_OC_MspInit
                0x080023ae        0x2 Drivers/STM32F4xx_HAL_Driver/stm32f4xx_hal_tim.o
                0x080023ae                HAL_TIM_OC_MspInit
 .text.HAL_TIM_PWM_MspInit
                0x080023b0        0x2 Drivers/STM32F4xx_HAL_Driver/stm32f4xx_hal_tim.o
                0x080023b0                HAL_TIM_PWM_MspInit
 .text.HAL_TIM_IC_MspInit
                0x080023b2        0x2 Drivers/STM32F4xx_HAL_Driver/stm32f4xx_hal_tim.o
                0x080023b2                HAL_TIM_IC_MspInit
 .text.HAL_TIM_ConfigClockSource
                0x080023b4      0x174 Drivers/STM32F4xx_HAL_Driver/stm32f4xx_hal_tim.o
                0x080023b4                HAL_TIM_ConfigClockSource
 .text.HAL_TIM_SlaveConfigSynchronization
                0x08002528       0x40 Drivers/STM32F4xx_HAL_Driver/stm32f4xx_hal_tim.o
                0x08002528                HAL_TIM_SlaveConfigSynchronization
 .text.HAL_TIM_ReadCapturedValue
                0x08002568       0x46 Drivers/STM32F4xx_HAL_Driver/stm32f4xx_hal_tim.o
                0x08002568                HAL_TIM_ReadCapturedValue
 .text.HAL_TIM_PeriodElapsedCallback
                0x080025ae        0x2 Drivers/STM32F4xx_HAL_Driver/stm32f4xx_hal_tim.o
                0x080025ae                HAL_TIM_PeriodElapsedCallback
 .text.HAL_TIM_OC_DelayElapsedCallback
                0x080025b0        0x2 Drivers/STM32F4xx_HAL_Driver/stm32f4xx_hal_tim.o
                0x080025b0                HAL_TIM_OC_DelayElapsedCallback
 .text.HAL_TIM_PWM_PulseFinishedCallback
                0x080025b2        0x2 Drivers/STM32F4xx_HAL_Driver/stm32f4xx_hal_tim.o
                0x080025b2                HAL_TIM_PWM_PulseFinishedCallback
 .text.HAL_TIM_TriggerCallback
                0x080025b4        0x2 Drivers/STM32F4xx_HAL_Driver/stm32f4xx_hal_tim.o
                0x080025b4                HAL_TIM_TriggerCallback
 .text.HAL_TIM_IRQHandler
                0x080025b6      0x144 Drivers/STM32F4xx_HAL_Driver/stm32f4xx_hal_tim.o
                0x080025b6                HAL_TIM_IRQHandler
 *fill*         0x080026fa        0x2 
 .text.TIM_Base_SetConfig
                0x080026fc       0xc8 Drivers/STM32F4xx_HAL_Driver/stm32f4xx_hal_tim.o
                0x080026fc                TIM_Base_SetConfig
 .text.HAL_TIM_Base_Init
                0x080027c4       0x34 Drivers/STM32F4xx_HAL_Driver/stm32f4xx_hal_tim.o
                0x080027c4                HAL_TIM_Base_Init
 .text.HAL_TIM_OC_Init
                0x080027f8       0x34 Drivers/STM32F4xx_HAL_Driver/stm32f4xx_hal_tim.o
                0x080027f8                HAL_TIM_OC_Init
 .text.HAL_TIM_PWM_Init
                0x0800282c       0x34 Drivers/STM32F4xx_HAL_Driver/stm32f4xx_hal_tim.o
                0x0800282c                HAL_TIM_PWM_Init
 .text.HAL_TIM_IC_Init
                0x08002860       0x34 Drivers/STM32F4xx_HAL_Driver/stm32f4xx_hal_tim.o
                0x08002860                HAL_TIM_IC_Init
 .text.TIM_TI1_SetConfig
                0x08002894       0x74 Drivers/STM32F4xx_HAL_Driver/stm32f4xx_hal_tim.o
                0x08002894                TIM_TI1_SetConfig
 .text.HAL_TIM_IC_ConfigChannel
                0x08002908      0x114 Drivers/STM32F4xx_HAL_Driver/stm32f4xx_hal_tim.o
                0x08002908                HAL_TIM_IC_ConfigChannel
 .text.TIM_OC2_SetConfig
                0x08002a1c       0x64 Drivers/STM32F4xx_HAL_Driver/stm32f4xx_hal_tim.o
                0x08002a1c                TIM_OC2_SetConfig
 .text.HAL_TIM_OC_ConfigChannel
                0x08002a80       0x5c Drivers/STM32F4xx_HAL_Driver/stm32f4xx_hal_tim.o
                0x08002a80                HAL_TIM_OC_ConfigChannel
 .text.HAL_TIM_PWM_ConfigChannel
                0x08002adc       0xc6 Drivers/STM32F4xx_HAL_Driver/stm32f4xx_hal_tim.o
                0x08002adc                HAL_TIM_PWM_ConfigChannel
 .text.TIM_CCxChannelCmd
                0x08002ba2       0x18 Drivers/STM32F4xx_HAL_Driver/stm32f4xx_hal_tim.o
                0x08002ba2                TIM_CCxChannelCmd
 *fill*         0x08002bba        0x2 
 .text.HAL_TIM_PWM_Start
                0x08002bbc       0x34 Drivers/STM32F4xx_HAL_Driver/stm32f4xx_hal_tim.o
                0x08002bbc                HAL_TIM_PWM_Start
 .text.HAL_TIM_IC_Start_IT
                0x08002bf0       0x58 Drivers/STM32F4xx_HAL_Driver/stm32f4xx_hal_tim.o
                0x08002bf0                HAL_TIM_IC_Start_IT
 .text.HAL_TIMEx_MasterConfigSynchronization
                0x08002c48       0x44 Drivers/STM32F4xx_HAL_Driver/stm32f4xx_hal_tim_ex.o
                0x08002c48                HAL_TIMEx_MasterConfigSynchronization
 .text.HAL_TIMEx_ConfigBreakDeadTime
                0x08002c8c       0x40 Drivers/STM32F4xx_HAL_Driver/stm32f4xx_hal_tim_ex.o
                0x08002c8c                HAL_TIMEx_ConfigBreakDeadTime
 .text.HAL_TIMEx_CommutationCallback
                0x08002ccc        0x2 Drivers/STM32F4xx_HAL_Driver/stm32f4xx_hal_tim_ex.o
                0x08002ccc                HAL_TIMEx_CommutationCallback
 .text.HAL_TIMEx_BreakCallback
                0x08002cce        0x2 Drivers/STM32F4xx_HAL_Driver/stm32f4xx_hal_tim_ex.o
                0x08002cce                HAL_TIMEx_BreakCallback
 .text.UART_SetConfig
                0x08002cd0      0x148 Drivers/STM32F4xx_HAL_Driver/stm32f4xx_hal_uart.o
 .text.HAL_UART_Init
                0x08002e18       0x58 Drivers/STM32F4xx_HAL_Driver/stm32f4xx_hal_uart.o
                0x08002e18                HAL_UART_Init
 .text.HAL_UART_Transmit_DMA
                0x08002e70       0x84 Drivers/STM32F4xx_HAL_Driver/stm32f4xx_hal_uart.o
                0x08002e70                HAL_UART_Transmit_DMA
 .text.HAL_UART_Receive_DMA
                0x08002ef4       0x80 Drivers/STM32F4xx_HAL_Driver/stm32f4xx_hal_uart.o
                0x08002ef4                HAL_UART_Receive_DMA
 .text.UART_DMATransmitCplt
                0x08002f74       0x2c Drivers/STM32F4xx_HAL_Driver/stm32f4xx_hal_uart.o
 .text.HAL_UART_TxHalfCpltCallback
                0x08002fa0        0x2 Drivers/STM32F4xx_HAL_Driver/stm32f4xx_hal_uart.o
                0x08002fa0                HAL_UART_TxHalfCpltCallback
 .text.UART_DMATxHalfCplt
                0x08002fa2        0xa Drivers/STM32F4xx_HAL_Driver/stm32f4xx_hal_uart.o
 .text.HAL_UART_RxCpltCallback
                0x08002fac        0x2 Drivers/STM32F4xx_HAL_Driver/stm32f4xx_hal_uart.o
                0x08002fac                HAL_UART_RxCpltCallback
 .text.UART_DMAReceiveCplt
                0x08002fae       0x32 Drivers/STM32F4xx_HAL_Driver/stm32f4xx_hal_uart.o
 .text.HAL_UART_RxHalfCpltCallback
                0x08002fe0        0x2 Drivers/STM32F4xx_HAL_Driver/stm32f4xx_hal_uart.o
                0x08002fe0                HAL_UART_RxHalfCpltCallback
 .text.UART_DMARxHalfCplt
                0x08002fe2        0xa Drivers/STM32F4xx_HAL_Driver/stm32f4xx_hal_uart.o
 .text.HAL_UART_ErrorCallback
                0x08002fec        0x2 Drivers/STM32F4xx_HAL_Driver/stm32f4xx_hal_uart.o
                0x08002fec                HAL_UART_ErrorCallback
 .text.UART_DMAError
                0x08002fee       0x1e Drivers/STM32F4xx_HAL_Driver/stm32f4xx_hal_uart.o
 .text.HAL_UART_IRQHandler
                0x0800300c      0x1b6 Drivers/STM32F4xx_HAL_Driver/stm32f4xx_hal_uart.o
                0x0800300c                HAL_UART_IRQHandler
 *fill*         0x080031c2        0x2 
 .text.SystemInit
                0x080031c4       0x4c Drivers/CMSIS/system_stm32f4xx.o
                0x080031c4                SystemInit
 .text.SystemClock_Config
                0x08003210       0xa0 Application/User/main.o
                0x08003210                SystemClock_Config
 .text.startup.main
                0x080032b0      0x690 Application/User/main.o
                0x080032b0                main
 .text.HAL_MspInit
                0x08003940       0x18 Application/User/stm32f4xx_hal_msp.o
                0x08003940                HAL_MspInit
 .text.HAL_ADC_MspInit
                0x08003958       0xa4 Application/User/stm32f4xx_hal_msp.o
                0x08003958                HAL_ADC_MspInit
 .text.HAL_I2C_MspInit
                0x080039fc       0x54 Application/User/stm32f4xx_hal_msp.o
                0x080039fc                HAL_I2C_MspInit
 .text.HAL_SPI_MspInit
                0x08003a50       0x68 Application/User/stm32f4xx_hal_msp.o
                0x08003a50                HAL_SPI_MspInit
 .text.HAL_TIM_Base_MspInit
                0x08003ab8      0x1ec Application/User/stm32f4xx_hal_msp.o
                0x08003ab8                HAL_TIM_Base_MspInit
 .text.HAL_UART_MspInit
                0x08003ca4      0x278 Application/User/stm32f4xx_hal_msp.o
                0x08003ca4                HAL_UART_MspInit
 .text.SysTick_Handler
                0x08003f1c        0xe Application/User/stm32f4xx_it.o
                0x08003f1c                SysTick_Handler
 .text.EXTI0_IRQHandler
                0x08003f2a        0x6 Application/User/stm32f4xx_it.o
                0x08003f2a                EXTI0_IRQHandler
 .text.EXTI1_IRQHandler
                0x08003f30        0x6 Application/User/stm32f4xx_it.o
                0x08003f30                EXTI1_IRQHandler
 *fill*         0x08003f36        0x2 
 .text.DMA1_Stream0_IRQHandler
                0x08003f38        0xc Application/User/stm32f4xx_it.o
                0x08003f38                DMA1_Stream0_IRQHandler
 .text.DMA1_Stream1_IRQHandler
                0x08003f44        0xc Application/User/stm32f4xx_it.o
                0x08003f44                DMA1_Stream1_IRQHandler
 .text.DMA1_Stream2_IRQHandler
                0x08003f50        0xc Application/User/stm32f4xx_it.o
                0x08003f50                DMA1_Stream2_IRQHandler
 .text.DMA1_Stream3_IRQHandler
                0x08003f5c        0xc Application/User/stm32f4xx_it.o
                0x08003f5c                DMA1_Stream3_IRQHandler
 .text.DMA1_Stream4_IRQHandler
                0x08003f68        0xc Application/User/stm32f4xx_it.o
                0x08003f68                DMA1_Stream4_IRQHandler
 .text.ADC_IRQHandler
                0x08003f74        0xc Application/User/stm32f4xx_it.o
                0x08003f74                ADC_IRQHandler
 .text.EXTI9_5_IRQHandler
                0x08003f80        0x8 Application/User/stm32f4xx_it.o
                0x08003f80                EXTI9_5_IRQHandler
 .text.TIM1_BRK_TIM9_IRQHandler
                0x08003f88       0x1c Application/User/stm32f4xx_it.o
                0x08003f88                TIM1_BRK_TIM9_IRQHandler
 .text.TIM2_IRQHandler
                0x08003fa4        0xc Application/User/stm32f4xx_it.o
                0x08003fa4                TIM2_IRQHandler
 .text.TIM3_IRQHandler
                0x08003fb0        0xc Application/User/stm32f4xx_it.o
                0x08003fb0                TIM3_IRQHandler
 .text.TIM4_IRQHandler
                0x08003fbc        0xc Application/User/stm32f4xx_it.o
                0x08003fbc                TIM4_IRQHandler
 .text.USART3_IRQHandler
                0x08003fc8        0xc Application/User/stm32f4xx_it.o
                0x08003fc8                USART3_IRQHandler
 .text.EXTI15_10_IRQHandler
                0x08003fd4       0x1e Application/User/stm32f4xx_it.o
                0x08003fd4                EXTI15_10_IRQHandler
 *fill*         0x08003ff2        0x2 
 .text.TIM8_BRK_TIM12_IRQHandler
                0x08003ff4       0x1c Application/User/stm32f4xx_it.o
                0x08003ff4                TIM8_BRK_TIM12_IRQHandler
 .text.DMA1_Stream7_IRQHandler
                0x08004010        0xc Application/User/stm32f4xx_it.o
                0x08004010                DMA1_Stream7_IRQHandler
 .text.UART4_IRQHandler
                0x0800401c        0xc Application/User/stm32f4xx_it.o
                0x0800401c                UART4_IRQHandler
 .text.UART5_IRQHandler
                0x08004028        0xc Application/User/stm32f4xx_it.o
                0x08004028                UART5_IRQHandler
 .text.DMA2_Stream0_IRQHandler
                0x08004034        0xc Application/User/stm32f4xx_it.o
                0x08004034                DMA2_Stream0_IRQHandler
 .text.invSqrt  0x08004040       0x2c Application/User/IMU/MadgwickAHRS.o
                0x08004040                invSqrt
 .text.MadgwickAHRSupdateIMU
                0x0800406c      0x2b0 Application/User/IMU/MadgwickAHRS.o
                0x0800406c                MadgwickAHRSupdateIMU
 .text.MadgwickAHRSupdate
                0x0800431c      0x5f0 Application/User/IMU/MadgwickAHRS.o
                0x0800431c                MadgwickAHRSupdate
 .text.HAL_SYSTICK_Callback
                0x0800490c        0x8 Application/User/HAL/app_fw.o
                0x0800490c                HAL_SYSTICK_Callback
 .text.HAL_Battery_Init
                0x08004914       0x14 Application/User/HAL/battery.o
                0x08004914                HAL_Battery_Init
 .text.HAL_Battery_Get
                0x08004928       0x70 Application/User/HAL/battery.o
                0x08004928                HAL_Battery_Get
 .text.HAL_Battery_Is_Low
                0x08004998       0x28 Application/User/HAL/battery.o
                0x08004998                HAL_Battery_Is_Low
 .text.HAL_Delay
                0x080049c0       0x14 Application/User/HAL/delay.o
                0x080049c0                HAL_Delay
 .text.fastAtan2
                0x080049d4       0xc8 Application/User/HAL/imu.o
                0x080049d4                fastAtan2
 *fill*         0x08004a9c        0x4 
 .text.GetEuler
                0x08004aa0      0x150 Application/User/HAL/imu.o
                0x08004aa0                GetEuler
 .text.HAL_Imu_Pitch
                0x08004bf0        0xc Application/User/HAL/imu.o
                0x08004bf0                HAL_Imu_Pitch
 .text.HAL_Imu_Roll
                0x08004bfc        0xc Application/User/HAL/imu.o
                0x08004bfc                HAL_Imu_Roll
 .text.HAL_Imu_Yaw
                0x08004c08        0xc Application/User/HAL/imu.o
                0x08004c08                HAL_Imu_Yaw
 .text.HAL_Imu_Angle
                0x08004c14       0x30 Application/User/HAL/imu.o
                0x08004c14                HAL_Imu_Angle
 .text.scale    0x08004c44       0x58 Application/User/HAL/imu.o
                0x08004c44                scale
 .text.HAL_Imu_Begin_Gyr_Calibration
                0x08004c9c       0x1c Application/User/HAL/imu.o
                0x08004c9c                HAL_Imu_Begin_Gyr_Calibration
 .text.HAL_Imu_Do_Gyr_Calibration
                0x08004cb8       0x38 Application/User/HAL/imu.o
                0x08004cb8                HAL_Imu_Do_Gyr_Calibration
 .text.HAL_Imu_End_Gyr_Calibration
                0x08004cf0       0x30 Application/User/HAL/imu.o
                0x08004cf0                HAL_Imu_End_Gyr_Calibration
 .text.HAL_Imu_Begin_Mag_Calibration
                0x08004d20       0x1c Application/User/HAL/imu.o
                0x08004d20                HAL_Imu_Begin_Mag_Calibration
 .text.HAL_Imu_Do_Mag_Calibration
                0x08004d3c       0x40 Application/User/HAL/imu.o
                0x08004d3c                HAL_Imu_Do_Mag_Calibration
 .text.HAL_Imu_End_Mag_Calibration
                0x08004d7c       0x30 Application/User/HAL/imu.o
                0x08004d7c                HAL_Imu_End_Mag_Calibration
 .text.HAL_Imu_Read_Sensors
                0x08004dac       0xd8 Application/User/HAL/imu.o
                0x08004dac                HAL_Imu_Read_Sensors
 *fill*         0x08004e84        0x4 
 .text.HAL_Imu_Init
                0x08004e88      0x4c0 Application/User/HAL/imu.o
                0x08004e88                HAL_Imu_Init
 .text.HAL_Imu_Process
                0x08005348       0xa4 Application/User/HAL/imu.o
                0x08005348                HAL_Imu_Process
 .text.stop_blinking
                0x080053ec       0x1c Application/User/HAL/led.o
                0x080053ec                stop_blinking
 .text.HAL_Led_Init
                0x08005408       0x2c Application/User/HAL/led.o
                0x08005408                HAL_Led_Init
 .text.HAL_Led_Process
                0x08005434       0x84 Application/User/HAL/led.o
                0x08005434                HAL_Led_Process
 .text.HAL_Led_Set
                0x080054b8       0x24 Application/User/HAL/led.o
                0x080054b8                HAL_Led_Set
 .text.HAL_Led_Reset
                0x080054dc       0x24 Application/User/HAL/led.o
                0x080054dc                HAL_Led_Reset
 .text.HAL_Led_Blink
                0x08005500       0x4c Application/User/HAL/led.o
                0x08005500                HAL_Led_Blink
 .text.HAL_Serial_Init
                0x0800554c       0x34 Application/User/HAL/serial.o
                0x0800554c                HAL_Serial_Init
 .text.HAL_Serial_Write
                0x08005580       0x46 Application/User/HAL/serial.o
                0x08005580                HAL_Serial_Write
 *fill*         0x080055c6        0x2 
 .text.HAL_UART_TxCpltCallback
                0x080055c8       0x3c Application/User/HAL/serial.o
                0x080055c8                HAL_UART_TxCpltCallback
 .text.ts_itoa  0x08005604       0x34 Application/User/HAL/serial.o
                0x08005604                ts_itoa
 .text.ts_formatstring
                0x08005638       0xc0 Application/User/HAL/serial.o
                0x08005638                ts_formatstring
 .text.ts_formatlength
                0x080056f8       0x74 Application/User/HAL/serial.o
                0x080056f8                ts_formatlength
 .text.HAL_Serial_Print
                0x0800576c       0x48 Application/User/HAL/serial.o
                0x0800576c                HAL_Serial_Print
 .text.HAL_TIM_IC_CaptureCallback
                0x080057b4       0x2c Application/User/APP/app_main.o
                0x080057b4                HAL_TIM_IC_CaptureCallback
 .text.APP_SetupCallback
                0x080057e0      0x160 Application/User/APP/app_main.o
                0x080057e0                APP_SetupCallback
 .text.APP_LoopCallback
                0x08005940      0x170 Application/User/APP/app_main.o
                0x08005940                APP_LoopCallback
 .text.APP_SystickCallback
                0x08005ab0        0x2 Application/User/APP/app_main.o
                0x08005ab0                APP_SystickCallback
 .text.HAL_GPIO_EXTI_Callback
                0x08005ab2        0x2 Application/User/APP/app_main.o
                0x08005ab2                HAL_GPIO_EXTI_Callback
 .text.HAL_Ihm_Init
                0x08005ab4        0x2 Application/User/APP/ihm.o
                0x08005ab4                HAL_Ihm_Init
 .text.HAL_Ihm_Process
                0x08005ab6        0x2 Application/User/APP/ihm.o
                0x08005ab6                HAL_Ihm_Process
 .text.HAL_Threshold_Init
                0x08005ab8       0x10 Application/User/APP/threshold.o
                0x08005ab8                HAL_Threshold_Init
 .text.HAL_Threshold_Process
                0x08005ac8       0x94 Application/User/APP/threshold.o
                0x08005ac8                HAL_Threshold_Process
 .text.HAL_Threshold_Status
                0x08005b5c        0xc Application/User/APP/threshold.o
                0x08005b5c                HAL_Threshold_Status
 .text.Reset_Handler
                0x08005b68       0x50 Application/SW4STM32/startup_stm32f415xx.o
                0x08005b68                Reset_Handler
 .text.Default_Handler
                0x08005bb8        0x2 Application/SW4STM32/startup_stm32f415xx.o
                0x08005bb8                RTC_Alarm_IRQHandler
                0x08005bb8                HASH_RNG_IRQHandler
                0x08005bb8                EXTI2_IRQHandler
                0x08005bb8                TIM8_CC_IRQHandler
                0x08005bb8                DebugMon_Handler
                0x08005bb8                TIM1_CC_IRQHandler
                0x08005bb8                DMA2_Stream5_IRQHandler
                0x08005bb8                HardFault_Handler
                0x08005bb8                DMA1_Stream5_IRQHandler
                0x08005bb8                PVD_IRQHandler
                0x08005bb8                SDIO_IRQHandler
                0x08005bb8                TAMP_STAMP_IRQHandler
                0x08005bb8                PendSV_Handler
                0x08005bb8                NMI_Handler
                0x08005bb8                CAN2_RX1_IRQHandler
                0x08005bb8                EXTI3_IRQHandler
                0x08005bb8                TIM8_TRG_COM_TIM14_IRQHandler
                0x08005bb8                TIM1_UP_TIM10_IRQHandler
                0x08005bb8                TIM8_UP_TIM13_IRQHandler
                0x08005bb8                I2C3_ER_IRQHandler
                0x08005bb8                I2C2_EV_IRQHandler
                0x08005bb8                CAN1_RX0_IRQHandler
                0x08005bb8                FPU_IRQHandler
                0x08005bb8                OTG_HS_WKUP_IRQHandler
                0x08005bb8                UsageFault_Handler
                0x08005bb8                CAN2_SCE_IRQHandler
                0x08005bb8                DMA2_Stream2_IRQHandler
                0x08005bb8                SPI1_IRQHandler
                0x08005bb8                TIM6_DAC_IRQHandler
                0x08005bb8                CAN2_RX0_IRQHandler
                0x08005bb8                DMA2_Stream3_IRQHandler
                0x08005bb8                USART6_IRQHandler
                0x08005bb8                CRYP_IRQHandler
                0x08005bb8                CAN1_RX1_IRQHandler
                0x08005bb8                I2C1_EV_IRQHandler
                0x08005bb8                DMA1_Stream6_IRQHandler
                0x08005bb8                RCC_IRQHandler
                0x08005bb8                Default_Handler
                0x08005bb8                TIM7_IRQHandler
                0x08005bb8                CAN2_TX_IRQHandler
                0x08005bb8                TIM5_IRQHandler
                0x08005bb8                DMA2_Stream7_IRQHandler
                0x08005bb8                I2C3_EV_IRQHandler
                0x08005bb8                RTC_WKUP_IRQHandler
                0x08005bb8                SPI2_IRQHandler
                0x08005bb8                OTG_HS_EP1_IN_IRQHandler
                0x08005bb8                MemManage_Handler
                0x08005bb8                CAN1_TX_IRQHandler
                0x08005bb8                SVC_Handler
                0x08005bb8                EXTI4_IRQHandler
                0x08005bb8                FSMC_IRQHandler
                0x08005bb8                OTG_HS_EP1_OUT_IRQHandler
                0x08005bb8                WWDG_IRQHandler
                0x08005bb8                OTG_FS_WKUP_IRQHandler
                0x08005bb8                TIM1_TRG_COM_TIM11_IRQHandler
                0x08005bb8                OTG_HS_IRQHandler
                0x08005bb8                USART2_IRQHandler
                0x08005bb8                I2C2_ER_IRQHandler
                0x08005bb8                DMA2_Stream1_IRQHandler
                0x08005bb8                CAN1_SCE_IRQHandler
                0x08005bb8                FLASH_IRQHandler
                0x08005bb8                DMA2_Stream4_IRQHandler
                0x08005bb8                BusFault_Handler
                0x08005bb8                USART1_IRQHandler
                0x08005bb8                OTG_FS_IRQHandler
                0x08005bb8                SPI3_IRQHandler
                0x08005bb8                I2C1_ER_IRQHandler
                0x08005bb8                DMA2_Stream6_IRQHandler
 *fill*         0x08005bba        0x2 
 .text.__libc_init_array
                0x08005bbc       0x4c c:/ac6/systemworkbench/plugins/fr.ac6.mcu.externaltools.arm-none.win32_1.3.0.201507241045/tools/compiler/bin/../lib/gcc/arm-none-eabi/4.9.3/../../../../arm-none-eabi/lib/armv7e-m/fpu\libc_nano.a(lib_a-init.o)
                0x08005bbc                __libc_init_array
 .text.__errno  0x08005c08        0xc c:/ac6/systemworkbench/plugins/fr.ac6.mcu.externaltools.arm-none.win32_1.3.0.201507241045/tools/compiler/bin/../lib/gcc/arm-none-eabi/4.9.3/../../../../arm-none-eabi/lib/armv7e-m/fpu\libc_nano.a(lib_a-errno.o)
                0x08005c08                __errno
 *fill*         0x08005c14        0x4 
 .text.cos      0x08005c18       0xa8 c:/ac6/systemworkbench/plugins/fr.ac6.mcu.externaltools.arm-none.win32_1.3.0.201507241045/tools/compiler/bin/../lib/gcc/arm-none-eabi/4.9.3/../../../../arm-none-eabi/lib/armv7e-m/fpu\libm.a(lib_a-s_cos.o)
                0x08005c18                cos
 .text.sin      0x08005cc0       0xa8 c:/ac6/systemworkbench/plugins/fr.ac6.mcu.externaltools.arm-none.win32_1.3.0.201507241045/tools/compiler/bin/../lib/gcc/arm-none-eabi/4.9.3/../../../../arm-none-eabi/lib/armv7e-m/fpu\libm.a(lib_a-s_sin.o)
                0x08005cc0                sin
 .text.asin     0x08005d68       0xc4 c:/ac6/systemworkbench/plugins/fr.ac6.mcu.externaltools.arm-none.win32_1.3.0.201507241045/tools/compiler/bin/../lib/gcc/arm-none-eabi/4.9.3/../../../../arm-none-eabi/lib/armv7e-m/fpu\libm.a(lib_a-w_asin.o)
                0x08005d68                asin
 .text.sqrt     0x08005e2c       0xbc c:/ac6/systemworkbench/plugins/fr.ac6.mcu.externaltools.arm-none.win32_1.3.0.201507241045/tools/compiler/bin/../lib/gcc/arm-none-eabi/4.9.3/../../../../arm-none-eabi/lib/armv7e-m/fpu\libm.a(lib_a-w_sqrt.o)
                0x08005e2c                sqrt
 .text.__ieee754_asin
                0x08005ee8      0x490 c:/ac6/systemworkbench/plugins/fr.ac6.mcu.externaltools.arm-none.win32_1.3.0.201507241045/tools/compiler/bin/../lib/gcc/arm-none-eabi/4.9.3/../../../../arm-none-eabi/lib/armv7e-m/fpu\libm.a(lib_a-e_asin.o)
                0x08005ee8                __ieee754_asin
 .text.__ieee754_rem_pio2
                0x08006378      0x450 c:/ac6/systemworkbench/plugins/fr.ac6.mcu.externaltools.arm-none.win32_1.3.0.201507241045/tools/compiler/bin/../lib/gcc/arm-none-eabi/4.9.3/../../../../arm-none-eabi/lib/armv7e-m/fpu\libm.a(lib_a-e_rem_pio2.o)
                0x08006378                __ieee754_rem_pio2
 .text.__ieee754_sqrt
                0x080067c8      0x1a8 c:/ac6/systemworkbench/plugins/fr.ac6.mcu.externaltools.arm-none.win32_1.3.0.201507241045/tools/compiler/bin/../lib/gcc/arm-none-eabi/4.9.3/../../../../arm-none-eabi/lib/armv7e-m/fpu\libm.a(lib_a-e_sqrt.o)
                0x080067c8                __ieee754_sqrt
 .text.__kernel_cos
                0x08006970      0x280 c:/ac6/systemworkbench/plugins/fr.ac6.mcu.externaltools.arm-none.win32_1.3.0.201507241045/tools/compiler/bin/../lib/gcc/arm-none-eabi/4.9.3/../../../../arm-none-eabi/lib/armv7e-m/fpu\libm.a(lib_a-k_cos.o)
                0x08006970                __kernel_cos
 .text.__kernel_rem_pio2
                0x08006bf0      0x7f8 c:/ac6/systemworkbench/plugins/fr.ac6.mcu.externaltools.arm-none.win32_1.3.0.201507241045/tools/compiler/bin/../lib/gcc/arm-none-eabi/4.9.3/../../../../arm-none-eabi/lib/armv7e-m/fpu\libm.a(lib_a-k_rem_pio2.o)
                0x08006bf0                __kernel_rem_pio2
 .text.__kernel_sin
                0x080073e8      0x190 c:/ac6/systemworkbench/plugins/fr.ac6.mcu.externaltools.arm-none.win32_1.3.0.201507241045/tools/compiler/bin/../lib/gcc/arm-none-eabi/4.9.3/../../../../arm-none-eabi/lib/armv7e-m/fpu\libm.a(lib_a-k_sin.o)
                0x080073e8                __kernel_sin
 .text.fabs     0x08007578       0x10 c:/ac6/systemworkbench/plugins/fr.ac6.mcu.externaltools.arm-none.win32_1.3.0.201507241045/tools/compiler/bin/../lib/gcc/arm-none-eabi/4.9.3/../../../../arm-none-eabi/lib/armv7e-m/fpu\libm.a(lib_a-s_fabs.o)
                0x08007578                fabs
 .text.floor    0x08007588      0x120 c:/ac6/systemworkbench/plugins/fr.ac6.mcu.externaltools.arm-none.win32_1.3.0.201507241045/tools/compiler/bin/../lib/gcc/arm-none-eabi/4.9.3/../../../../arm-none-eabi/lib/armv7e-m/fpu\libm.a(lib_a-s_floor.o)
                0x08007588                floor
 .text.__fpclassifyd
                0x080076a8       0x5c c:/ac6/systemworkbench/plugins/fr.ac6.mcu.externaltools.arm-none.win32_1.3.0.201507241045/tools/compiler/bin/../lib/gcc/arm-none-eabi/4.9.3/../../../../arm-none-eabi/lib/armv7e-m/fpu\libm.a(lib_a-s_fpclassify.o)
                0x080076a8                __fpclassifyd
 .text.matherr  0x08007704        0x4 c:/ac6/systemworkbench/plugins/fr.ac6.mcu.externaltools.arm-none.win32_1.3.0.201507241045/tools/compiler/bin/../lib/gcc/arm-none-eabi/4.9.3/../../../../arm-none-eabi/lib/armv7e-m/fpu\libm.a(lib_a-s_matherr.o)
                0x08007704                matherr
 .text.nan      0x08007708       0x10 c:/ac6/systemworkbench/plugins/fr.ac6.mcu.externaltools.arm-none.win32_1.3.0.201507241045/tools/compiler/bin/../lib/gcc/arm-none-eabi/4.9.3/../../../../arm-none-eabi/lib/armv7e-m/fpu\libm.a(lib_a-s_nan.o)
                0x08007708                nan
 .text.scalbn   0x08007718      0x108 c:/ac6/systemworkbench/plugins/fr.ac6.mcu.externaltools.arm-none.win32_1.3.0.201507241045/tools/compiler/bin/../lib/gcc/arm-none-eabi/4.9.3/../../../../arm-none-eabi/lib/armv7e-m/fpu\libm.a(lib_a-s_scalbn.o)
                0x08007718                scalbn
 .text.copysign
                0x08007820       0x1c c:/ac6/systemworkbench/plugins/fr.ac6.mcu.externaltools.arm-none.win32_1.3.0.201507241045/tools/compiler/bin/../lib/gcc/arm-none-eabi/4.9.3/../../../../arm-none-eabi/lib/armv7e-m/fpu\libm.a(lib_a-s_copysign.o)
                0x08007820                copysign
 *(.glue_7)
 .glue_7        0x00000000        0x0 linker stubs
 *(.glue_7t)
 .glue_7t       0x00000000        0x0 linker stubs
 *(.eh_frame)
 .eh_frame      0x0800783c        0x0 c:/ac6/systemworkbench/plugins/fr.ac6.mcu.externaltools.arm-none.win32_1.3.0.201507241045/tools/compiler/bin/../lib/gcc/arm-none-eabi/4.9.3/armv7e-m/fpu/crtbegin.o
 *(.init)
 .init          0x0800783c        0x4 c:/ac6/systemworkbench/plugins/fr.ac6.mcu.externaltools.arm-none.win32_1.3.0.201507241045/tools/compiler/bin/../lib/gcc/arm-none-eabi/4.9.3/armv7e-m/fpu/crti.o
                0x0800783c                _init
 .init          0x08007840        0x8 c:/ac6/systemworkbench/plugins/fr.ac6.mcu.externaltools.arm-none.win32_1.3.0.201507241045/tools/compiler/bin/../lib/gcc/arm-none-eabi/4.9.3/armv7e-m/fpu/crtn.o
 *(.fini)
 .fini          0x08007848        0x4 c:/ac6/systemworkbench/plugins/fr.ac6.mcu.externaltools.arm-none.win32_1.3.0.201507241045/tools/compiler/bin/../lib/gcc/arm-none-eabi/4.9.3/armv7e-m/fpu/crti.o
                0x08007848                _fini
 .fini          0x0800784c        0x8 c:/ac6/systemworkbench/plugins/fr.ac6.mcu.externaltools.arm-none.win32_1.3.0.201507241045/tools/compiler/bin/../lib/gcc/arm-none-eabi/4.9.3/armv7e-m/fpu/crtn.o
                0x08007854                . = ALIGN (0x4)
                0x08007854                _etext = .

.vfp11_veneer   0x08007854        0x0
 .vfp11_veneer  0x00000000        0x0 linker stubs

.v4_bx          0x08007854        0x0
 .v4_bx         0x00000000        0x0 linker stubs

.iplt           0x08007854        0x0
 .iplt          0x00000000        0x0 c:/ac6/systemworkbench/plugins/fr.ac6.mcu.externaltools.arm-none.win32_1.3.0.201507241045/tools/compiler/bin/../lib/gcc/arm-none-eabi/4.9.3/armv7e-m/fpu/crtbegin.o

.rodata         0x08007858      0x320
                0x08007858                . = ALIGN (0x4)
 *(.rodata)
 .rodata        0x08007858        0x8 Drivers/STM32F4xx_HAL_Driver/stm32f4xx_hal_dma.o
 .rodata        0x08007860       0x10 Drivers/STM32F4xx_HAL_Driver/stm32f4xx_hal_rcc.o
                0x08007860                APBAHBPrescTable
 .rodata        0x08007870       0x10 Application/User/HAL/battery.o
 .rodata        0x08007880       0x6c Application/User/HAL/imu.o
 .rodata        0x080078ec       0x24 Application/User/HAL/led.o
 .rodata        0x08007910       0x10 Application/User/APP/threshold.o
 *(.rodata*)
 .rodata.str1.1
                0x08007920        0xa Application/User/APP/app_main.o
 .rodata.str1.1
                0x0800792a        0x2 c:/ac6/systemworkbench/plugins/fr.ac6.mcu.externaltools.arm-none.win32_1.3.0.201507241045/tools/compiler/bin/../lib/gcc/arm-none-eabi/4.9.3/../../../../arm-none-eabi/lib/armv7e-m/fpu\libc_nano.a(lib_a-impure.o)
 .rodata.__sf_fake_stdin
                0x0800792c       0x20 c:/ac6/systemworkbench/plugins/fr.ac6.mcu.externaltools.arm-none.win32_1.3.0.201507241045/tools/compiler/bin/../lib/gcc/arm-none-eabi/4.9.3/../../../../arm-none-eabi/lib/armv7e-m/fpu\libc_nano.a(lib_a-findfp.o)
                0x0800792c                __sf_fake_stdin
 .rodata.__sf_fake_stdout
                0x0800794c       0x20 c:/ac6/systemworkbench/plugins/fr.ac6.mcu.externaltools.arm-none.win32_1.3.0.201507241045/tools/compiler/bin/../lib/gcc/arm-none-eabi/4.9.3/../../../../arm-none-eabi/lib/armv7e-m/fpu\libc_nano.a(lib_a-findfp.o)
                0x0800794c                __sf_fake_stdout
 .rodata.__sf_fake_stderr
                0x0800796c       0x20 c:/ac6/systemworkbench/plugins/fr.ac6.mcu.externaltools.arm-none.win32_1.3.0.201507241045/tools/compiler/bin/../lib/gcc/arm-none-eabi/4.9.3/../../../../arm-none-eabi/lib/armv7e-m/fpu\libc_nano.a(lib_a-findfp.o)
                0x0800796c                __sf_fake_stderr
 .rodata.str1.4
                0x0800798c        0x5 c:/ac6/systemworkbench/plugins/fr.ac6.mcu.externaltools.arm-none.win32_1.3.0.201507241045/tools/compiler/bin/../lib/gcc/arm-none-eabi/4.9.3/../../../../arm-none-eabi/lib/armv7e-m/fpu\libm.a(lib_a-w_asin.o)
                                  0xc (size before relaxing)
 *fill*         0x08007991        0x3 
 .rodata.str1.4
                0x08007994        0x8 c:/ac6/systemworkbench/plugins/fr.ac6.mcu.externaltools.arm-none.win32_1.3.0.201507241045/tools/compiler/bin/../lib/gcc/arm-none-eabi/4.9.3/../../../../arm-none-eabi/lib/armv7e-m/fpu\libm.a(lib_a-w_sqrt.o)
 .rodata.npio2_hw
                0x0800799c       0x80 c:/ac6/systemworkbench/plugins/fr.ac6.mcu.externaltools.arm-none.win32_1.3.0.201507241045/tools/compiler/bin/../lib/gcc/arm-none-eabi/4.9.3/../../../../arm-none-eabi/lib/armv7e-m/fpu\libm.a(lib_a-e_rem_pio2.o)
 .rodata.two_over_pi
                0x08007a1c      0x108 c:/ac6/systemworkbench/plugins/fr.ac6.mcu.externaltools.arm-none.win32_1.3.0.201507241045/tools/compiler/bin/../lib/gcc/arm-none-eabi/4.9.3/../../../../arm-none-eabi/lib/armv7e-m/fpu\libm.a(lib_a-e_rem_pio2.o)
 .rodata.init_jk
                0x08007b24       0x10 c:/ac6/systemworkbench/plugins/fr.ac6.mcu.externaltools.arm-none.win32_1.3.0.201507241045/tools/compiler/bin/../lib/gcc/arm-none-eabi/4.9.3/../../../../arm-none-eabi/lib/armv7e-m/fpu\libm.a(lib_a-k_rem_pio2.o)
 *fill*         0x08007b34        0x4 
 .rodata.PIo2   0x08007b38       0x40 c:/ac6/systemworkbench/plugins/fr.ac6.mcu.externaltools.arm-none.win32_1.3.0.201507241045/tools/compiler/bin/../lib/gcc/arm-none-eabi/4.9.3/../../../../arm-none-eabi/lib/armv7e-m/fpu\libm.a(lib_a-k_rem_pio2.o)
                0x08007b78                . = ALIGN (0x4)

.rel.dyn        0x08007b78        0x0
 .rel.iplt      0x00000000        0x0 c:/ac6/systemworkbench/plugins/fr.ac6.mcu.externaltools.arm-none.win32_1.3.0.201507241045/tools/compiler/bin/../lib/gcc/arm-none-eabi/4.9.3/armv7e-m/fpu/crtbegin.o

.ARM.extab
 *(.ARM.extab* .gnu.linkonce.armextab.*)

.ARM            0x08007b78        0x0
                0x08007b78                __exidx_start = .
 *(.ARM.exidx*)
                0x08007b78                __exidx_end = .

.preinit_array  0x08007b78        0x0
                0x08007b78                PROVIDE (__preinit_array_start, .)
 *(.preinit_array*)
                0x08007b78                PROVIDE (__preinit_array_end, .)

.init_array     0x08007b78        0x4
                0x08007b78                PROVIDE (__init_array_start, .)
 *(SORT(.init_array.*))
 *(.init_array*)
 .init_array    0x08007b78        0x4 c:/ac6/systemworkbench/plugins/fr.ac6.mcu.externaltools.arm-none.win32_1.3.0.201507241045/tools/compiler/bin/../lib/gcc/arm-none-eabi/4.9.3/armv7e-m/fpu/crtbegin.o
                0x08007b7c                PROVIDE (__init_array_end, .)

.fini_array     0x08007b7c        0x4
                0x08007b7c                PROVIDE (__fini_array_start, .)
 *(SORT(.fini_array.*))
 *(.fini_array*)
 .fini_array    0x08007b7c        0x4 c:/ac6/systemworkbench/plugins/fr.ac6.mcu.externaltools.arm-none.win32_1.3.0.201507241045/tools/compiler/bin/../lib/gcc/arm-none-eabi/4.9.3/armv7e-m/fpu/crtbegin.o
                0x08007b80                PROVIDE (__fini_array_end, .)
                0x08007b80                _sidata = LOADADDR (.data)

.data           0x20000000      0x10c load address 0x08007b80
                0x20000000                . = ALIGN (0x4)
                0x20000000                _sdata = .
 *(.data)
 .data          0x20000000        0x4 Drivers/CMSIS/system_stm32f4xx.o
                0x20000000                SystemCoreClock
 .data          0x20000004        0x8 Application/User/IMU/MadgwickAHRS.o
                0x20000004                q0
                0x20000008                beta
 .data          0x2000000c       0x90 Application/User/HAL/imu.o
                0x20000030                imu_config
 .data          0x2000009c        0x8 Application/User/APP/threshold.o
 *(.data*)
 .data.impure_data
                0x200000a4       0x60 c:/ac6/systemworkbench/plugins/fr.ac6.mcu.externaltools.arm-none.win32_1.3.0.201507241045/tools/compiler/bin/../lib/gcc/arm-none-eabi/4.9.3/../../../../arm-none-eabi/lib/armv7e-m/fpu\libc_nano.a(lib_a-impure.o)
 .data._impure_ptr
                0x20000104        0x4 c:/ac6/systemworkbench/plugins/fr.ac6.mcu.externaltools.arm-none.win32_1.3.0.201507241045/tools/compiler/bin/../lib/gcc/arm-none-eabi/4.9.3/../../../../arm-none-eabi/lib/armv7e-m/fpu\libc_nano.a(lib_a-impure.o)
                0x20000104                _impure_ptr
 .data.__fdlib_version
                0x20000108        0x1 c:/ac6/systemworkbench/plugins/fr.ac6.mcu.externaltools.arm-none.win32_1.3.0.201507241045/tools/compiler/bin/../lib/gcc/arm-none-eabi/4.9.3/../../../../arm-none-eabi/lib/armv7e-m/fpu\libm.a(lib_a-s_lib_ver.o)
                0x20000108                __fdlib_version
                0x2000010c                . = ALIGN (0x4)
 *fill*         0x20000109        0x3 
                0x2000010c                _edata = .
                0x08007c8c                _siccmram = LOADADDR (.ccmram)

.jcr            0x2000010c        0x0 load address 0x08007c8c
 .jcr           0x2000010c        0x0 c:/ac6/systemworkbench/plugins/fr.ac6.mcu.externaltools.arm-none.win32_1.3.0.201507241045/tools/compiler/bin/../lib/gcc/arm-none-eabi/4.9.3/armv7e-m/fpu/crtbegin.o

.igot.plt       0x2000010c        0x0 load address 0x08007c8c
 .igot.plt      0x00000000        0x0 c:/ac6/systemworkbench/plugins/fr.ac6.mcu.externaltools.arm-none.win32_1.3.0.201507241045/tools/compiler/bin/../lib/gcc/arm-none-eabi/4.9.3/armv7e-m/fpu/crtbegin.o

.ccmram         0x10000000        0x0 load address 0x08007c8c
                0x10000000                . = ALIGN (0x4)
                0x10000000                _sccmram = .
 *(.ccmram)
 *(.ccmram*)
                0x10000000                . = ALIGN (0x4)
                0x10000000                _eccmram = .
                0x10000000                . = ALIGN (0x4)

.bss            0x2000010c      0xecc
                0x2000010c                _sbss = .
                0x2000010c                __bss_start__ = _sbss
 *(.bss)
 .bss           0x2000010c       0x1c c:/ac6/systemworkbench/plugins/fr.ac6.mcu.externaltools.arm-none.win32_1.3.0.201507241045/tools/compiler/bin/../lib/gcc/arm-none-eabi/4.9.3/armv7e-m/fpu/crtbegin.o
 .bss           0x20000128        0x4 Drivers/STM32F4xx_HAL_Driver/stm32f4xx_hal.o
 .bss           0x2000012c        0xc Application/User/IMU/MadgwickAHRS.o
                0x2000012c                q1
                0x20000130                q2
                0x20000134                q3
 .bss           0x20000138        0x4 Application/User/HAL/battery.o
                0x20000138                ADC_Converted_Values
 .bss           0x2000013c       0x60 Application/User/HAL/imu.o
                0x20000190                state
                0x20000198                calibration_iteration
 .bss           0x2000019c       0x50 Application/User/HAL/led.o
 .bss           0x200001ec       0x18 Application/User/HAL/serial.o
                0x200001ec                serial_counter
                0x200001f0                hserial_table
 .bss           0x20000204       0x10 Application/User/APP/app_main.o
                0x20000204                period
                0x20000206                width
                0x2000020c                main_state
                0x20000210                imu__iteration
 .bss           0x20000214        0x8 Application/User/APP/threshold.o
 *(.bss*)
 *(COMMON)
 COMMON         0x2000021c      0x5a4 Application/User/main.o
                0x2000021c                hdma_uart4_rx
                0x20000274                hspi2
                0x200002cc                htim8
                0x20000308                htim4
                0x20000344                hdma_usart3_rx
                0x2000039c                huart3
                0x200003dc                hi2c1
                0x20000418                hdma_usart3_tx
                0x20000470                htim3
                0x200004ac                huart5
                0x200004ec                hadc1
                0x20000530                hdma_adc1
                0x20000588                htim1
                0x200005c4                htim9
                0x20000600                huart4
                0x20000640                htim2
                0x2000067c                hdma_uart5_rx
                0x200006d4                htim12
                0x20000710                hdma_uart4_tx
                0x20000768                hdma_uart5_tx
 COMMON         0x200007c0        0xc Application/User/HAL/imu.o
                0x200007c0                yaw
                0x200007c4                pitch
                0x200007c8                roll
 COMMON         0x200007cc      0x80c Application/User/APP/app_main.o
                0x200007cc                com
                0x20000fd8                . = ALIGN (0x4)
                0x20000fd8                _ebss = .
                0x20000fd8                __bss_end__ = _ebss

._user_heap_stack
                0x20000fd8      0x600
                0x20000fd8                . = ALIGN (0x8)
                0x20000fd8                PROVIDE (end, .)
                0x20000fd8                PROVIDE (_end, .)
                0x200011d8                . = (. + _Min_Heap_Size)
 *fill*         0x20000fd8      0x200 
                0x200015d8                . = (. + _Min_Stack_Size)
 *fill*         0x200011d8      0x400 
                0x200015d8                . = ALIGN (0x8)

/DISCARD/
 libc.a(*)
 libm.a(*)
 libgcc.a(*)

.ARM.attributes
                0x00000000       0x30
 *(.ARM.attributes)
 .ARM.attributes
                0x00000000       0x22 c:/ac6/systemworkbench/plugins/fr.ac6.mcu.externaltools.arm-none.win32_1.3.0.201507241045/tools/compiler/bin/../lib/gcc/arm-none-eabi/4.9.3/armv7e-m/fpu/crti.o
 .ARM.attributes
                0x00000022       0x34 c:/ac6/systemworkbench/plugins/fr.ac6.mcu.externaltools.arm-none.win32_1.3.0.201507241045/tools/compiler/bin/../lib/gcc/arm-none-eabi/4.9.3/armv7e-m/fpu/crtbegin.o
 .ARM.attributes
                0x00000056       0x39 Drivers/STM32F4xx_HAL_Driver/stm32f4xx_hal.o
 .ARM.attributes
                0x0000008f       0x39 Drivers/STM32F4xx_HAL_Driver/stm32f4xx_hal_adc.o
 .ARM.attributes
                0x000000c8       0x39 Drivers/STM32F4xx_HAL_Driver/stm32f4xx_hal_adc_ex.o
 .ARM.attributes
                0x00000101       0x39 Drivers/STM32F4xx_HAL_Driver/stm32f4xx_hal_cortex.o
 .ARM.attributes
                0x0000013a       0x39 Drivers/STM32F4xx_HAL_Driver/stm32f4xx_hal_dma.o
 .ARM.attributes
                0x00000173       0x39 Drivers/STM32F4xx_HAL_Driver/stm32f4xx_hal_gpio.o
 .ARM.attributes
                0x000001ac       0x39 Drivers/STM32F4xx_HAL_Driver/stm32f4xx_hal_i2c.o
 .ARM.attributes
                0x000001e5       0x39 Drivers/STM32F4xx_HAL_Driver/stm32f4xx_hal_rcc.o
 .ARM.attributes
                0x0000021e       0x39 Drivers/STM32F4xx_HAL_Driver/stm32f4xx_hal_spi.o
 .ARM.attributes
                0x00000257       0x39 Drivers/STM32F4xx_HAL_Driver/stm32f4xx_hal_tim.o
 .ARM.attributes
                0x00000290       0x39 Drivers/STM32F4xx_HAL_Driver/stm32f4xx_hal_tim_ex.o
 .ARM.attributes
                0x000002c9       0x39 Drivers/STM32F4xx_HAL_Driver/stm32f4xx_hal_uart.o
 .ARM.attributes
                0x00000302       0x39 Drivers/CMSIS/system_stm32f4xx.o
 .ARM.attributes
                0x0000033b       0x39 Application/User/main.o
 .ARM.attributes
                0x00000374       0x39 Application/User/stm32f4xx_hal_msp.o
 .ARM.attributes
                0x000003ad       0x39 Application/User/stm32f4xx_it.o
 .ARM.attributes
                0x000003e6       0x39 Application/User/IMU/MadgwickAHRS.o
 .ARM.attributes
                0x0000041f       0x39 Application/User/HAL/app_fw.o
 .ARM.attributes
                0x00000458       0x39 Application/User/HAL/battery.o
 .ARM.attributes
                0x00000491       0x39 Application/User/HAL/delay.o
 .ARM.attributes
                0x000004ca       0x39 Application/User/HAL/imu.o
 .ARM.attributes
                0x00000503       0x39 Application/User/HAL/led.o
 .ARM.attributes
                0x0000053c       0x39 Application/User/HAL/serial.o
 .ARM.attributes
                0x00000575       0x39 Application/User/APP/app_main.o
 .ARM.attributes
                0x000005ae       0x39 Application/User/APP/ihm.o
 .ARM.attributes
                0x000005e7       0x39 Application/User/APP/threshold.o
 .ARM.attributes
                0x00000620       0x21 Application/SW4STM32/startup_stm32f415xx.o
 .ARM.attributes
                0x00000641       0x22 c:/ac6/systemworkbench/plugins/fr.ac6.mcu.externaltools.arm-none.win32_1.3.0.201507241045/tools/compiler/bin/../lib/gcc/arm-none-eabi/4.9.3/armv7e-m/fpu\libgcc.a(_arm_addsubdf3.o)
 .ARM.attributes
                0x00000663       0x22 c:/ac6/systemworkbench/plugins/fr.ac6.mcu.externaltools.arm-none.win32_1.3.0.201507241045/tools/compiler/bin/../lib/gcc/arm-none-eabi/4.9.3/armv7e-m/fpu\libgcc.a(_arm_muldivdf3.o)
 .ARM.attributes
                0x00000685       0x22 c:/ac6/systemworkbench/plugins/fr.ac6.mcu.externaltools.arm-none.win32_1.3.0.201507241045/tools/compiler/bin/../lib/gcc/arm-none-eabi/4.9.3/armv7e-m/fpu\libgcc.a(_arm_truncdfsf2.o)
 .ARM.attributes
                0x000006a7       0x34 c:/ac6/systemworkbench/plugins/fr.ac6.mcu.externaltools.arm-none.win32_1.3.0.201507241045/tools/compiler/bin/../lib/gcc/arm-none-eabi/4.9.3/../../../../arm-none-eabi/lib/armv7e-m/fpu\libc_nano.a(lib_a-impure.o)
 .ARM.attributes
                0x000006db       0x34 c:/ac6/systemworkbench/plugins/fr.ac6.mcu.externaltools.arm-none.win32_1.3.0.201507241045/tools/compiler/bin/../lib/gcc/arm-none-eabi/4.9.3/../../../../arm-none-eabi/lib/armv7e-m/fpu\libc_nano.a(lib_a-init.o)
 .ARM.attributes
                0x0000070f       0x34 c:/ac6/systemworkbench/plugins/fr.ac6.mcu.externaltools.arm-none.win32_1.3.0.201507241045/tools/compiler/bin/../lib/gcc/arm-none-eabi/4.9.3/../../../../arm-none-eabi/lib/armv7e-m/fpu\libc_nano.a(lib_a-errno.o)
 .ARM.attributes
                0x00000743       0x34 c:/ac6/systemworkbench/plugins/fr.ac6.mcu.externaltools.arm-none.win32_1.3.0.201507241045/tools/compiler/bin/../lib/gcc/arm-none-eabi/4.9.3/../../../../arm-none-eabi/lib/armv7e-m/fpu\libc_nano.a(lib_a-findfp.o)
 .ARM.attributes
                0x00000777       0x22 c:/ac6/systemworkbench/plugins/fr.ac6.mcu.externaltools.arm-none.win32_1.3.0.201507241045/tools/compiler/bin/../lib/gcc/arm-none-eabi/4.9.3/armv7e-m/fpu/crtn.o
OUTPUT(Antichavi.elf elf32-littlearm)

.debug_info     0x00000000    0x189c0
 .debug_info    0x00000000      0x91b Drivers/STM32F4xx_HAL_Driver/stm32f4xx_hal.o
 .debug_info    0x0000091b      0xdd7 Drivers/STM32F4xx_HAL_Driver/stm32f4xx_hal_adc.o
 .debug_info    0x000016f2      0xb71 Drivers/STM32F4xx_HAL_Driver/stm32f4xx_hal_adc_ex.o
 .debug_info    0x00002263      0xe65 Drivers/STM32F4xx_HAL_Driver/stm32f4xx_hal_cortex.o
 .debug_info    0x000030c8      0x7f9 Drivers/STM32F4xx_HAL_Driver/stm32f4xx_hal_dma.o
 .debug_info    0x000038c1      0x719 Drivers/STM32F4xx_HAL_Driver/stm32f4xx_hal_gpio.o
 .debug_info    0x00003fda     0x28d9 Drivers/STM32F4xx_HAL_Driver/stm32f4xx_hal_i2c.o
 .debug_info    0x000068b3      0xd3c Drivers/STM32F4xx_HAL_Driver/stm32f4xx_hal_rcc.o
 .debug_info    0x000075ef     0x1795 Drivers/STM32F4xx_HAL_Driver/stm32f4xx_hal_spi.o
 .debug_info    0x00008d84     0x3420 Drivers/STM32F4xx_HAL_Driver/stm32f4xx_hal_tim.o
 .debug_info    0x0000c1a4     0x1288 Drivers/STM32F4xx_HAL_Driver/stm32f4xx_hal_tim_ex.o
 .debug_info    0x0000d42c     0x122c Drivers/STM32F4xx_HAL_Driver/stm32f4xx_hal_uart.o
 .debug_info    0x0000e658      0x4b0 Drivers/CMSIS/system_stm32f4xx.o
 .debug_info    0x0000eb08     0x2a02 Application/User/main.o
 .debug_info    0x0001150a     0x1cc8 Application/User/stm32f4xx_hal_msp.o
 .debug_info    0x000131d2      0xe2b Application/User/stm32f4xx_it.o
 .debug_info    0x00013ffd      0x6ba Application/User/IMU/MadgwickAHRS.o
 .debug_info    0x000146b7       0xfe Application/User/HAL/app_fw.o
 .debug_info    0x000147b5      0x739 Application/User/HAL/battery.o
 .debug_info    0x00014eee      0x110 Application/User/HAL/delay.o
 .debug_info    0x00014ffe     0x138a Application/User/HAL/imu.o
 .debug_info    0x00016388      0x5ed Application/User/HAL/led.o
 .debug_info    0x00016975      0xb73 Application/User/HAL/serial.o
 .debug_info    0x000174e8     0x115b Application/User/APP/app_main.o
 .debug_info    0x00018643       0x4c Application/User/APP/ihm.o
 .debug_info    0x0001868f      0x26d Application/User/APP/threshold.o
 .debug_info    0x000188fc       0xc4 Application/SW4STM32/startup_stm32f415xx.o

.debug_abbrev   0x00000000     0x39ac
 .debug_abbrev  0x00000000      0x25b Drivers/STM32F4xx_HAL_Driver/stm32f4xx_hal.o
 .debug_abbrev  0x0000025b      0x27f Drivers/STM32F4xx_HAL_Driver/stm32f4xx_hal_adc.o
 .debug_abbrev  0x000004da      0x274 Drivers/STM32F4xx_HAL_Driver/stm32f4xx_hal_adc_ex.o
 .debug_abbrev  0x0000074e      0x30d Drivers/STM32F4xx_HAL_Driver/stm32f4xx_hal_cortex.o
 .debug_abbrev  0x00000a5b      0x273 Drivers/STM32F4xx_HAL_Driver/stm32f4xx_hal_dma.o
 .debug_abbrev  0x00000cce      0x1cb Drivers/STM32F4xx_HAL_Driver/stm32f4xx_hal_gpio.o
 .debug_abbrev  0x00000e99      0x2a7 Drivers/STM32F4xx_HAL_Driver/stm32f4xx_hal_i2c.o
 .debug_abbrev  0x00001140      0x340 Drivers/STM32F4xx_HAL_Driver/stm32f4xx_hal_rcc.o
 .debug_abbrev  0x00001480      0x353 Drivers/STM32F4xx_HAL_Driver/stm32f4xx_hal_spi.o
 .debug_abbrev  0x000017d3      0x318 Drivers/STM32F4xx_HAL_Driver/stm32f4xx_hal_tim.o
 .debug_abbrev  0x00001aeb      0x22c Drivers/STM32F4xx_HAL_Driver/stm32f4xx_hal_tim_ex.o
 .debug_abbrev  0x00001d17      0x2c1 Drivers/STM32F4xx_HAL_Driver/stm32f4xx_hal_uart.o
 .debug_abbrev  0x00001fd8      0x104 Drivers/CMSIS/system_stm32f4xx.o
 .debug_abbrev  0x000020dc      0x2d1 Application/User/main.o
 .debug_abbrev  0x000023ad      0x245 Application/User/stm32f4xx_hal_msp.o
 .debug_abbrev  0x000025f2      0x1d3 Application/User/stm32f4xx_it.o
 .debug_abbrev  0x000027c5      0x13d Application/User/IMU/MadgwickAHRS.o
 .debug_abbrev  0x00002902       0x8f Application/User/HAL/app_fw.o
 .debug_abbrev  0x00002991      0x206 Application/User/HAL/battery.o
 .debug_abbrev  0x00002b97       0xa8 Application/User/HAL/delay.o
 .debug_abbrev  0x00002c3f      0x403 Application/User/HAL/imu.o
 .debug_abbrev  0x00003042      0x1dd Application/User/HAL/led.o
 .debug_abbrev  0x0000321f      0x388 Application/User/HAL/serial.o
 .debug_abbrev  0x000035a7      0x297 Application/User/APP/app_main.o
 .debug_abbrev  0x0000383e       0x2f Application/User/APP/ihm.o
 .debug_abbrev  0x0000386d      0x12d Application/User/APP/threshold.o
 .debug_abbrev  0x0000399a       0x12 Application/SW4STM32/startup_stm32f415xx.o

.debug_loc      0x00000000     0xc41e
 .debug_loc     0x00000000       0x82 Drivers/STM32F4xx_HAL_Driver/stm32f4xx_hal.o
 .debug_loc     0x00000082      0x666 Drivers/STM32F4xx_HAL_Driver/stm32f4xx_hal_adc.o
 .debug_loc     0x000006e8      0x571 Drivers/STM32F4xx_HAL_Driver/stm32f4xx_hal_adc_ex.o
 .debug_loc     0x00000c59      0x31e Drivers/STM32F4xx_HAL_Driver/stm32f4xx_hal_cortex.o
 .debug_loc     0x00000f77      0x4f2 Drivers/STM32F4xx_HAL_Driver/stm32f4xx_hal_dma.o
 .debug_loc     0x00001469      0x3ec Drivers/STM32F4xx_HAL_Driver/stm32f4xx_hal_gpio.o
 .debug_loc     0x00001855     0x2a24 Drivers/STM32F4xx_HAL_Driver/stm32f4xx_hal_i2c.o
 .debug_loc     0x00004279      0x622 Drivers/STM32F4xx_HAL_Driver/stm32f4xx_hal_rcc.o
 .debug_loc     0x0000489b     0x125d Drivers/STM32F4xx_HAL_Driver/stm32f4xx_hal_spi.o
 .debug_loc     0x00005af8     0x32b8 Drivers/STM32F4xx_HAL_Driver/stm32f4xx_hal_tim.o
 .debug_loc     0x00008db0      0xa3d Drivers/STM32F4xx_HAL_Driver/stm32f4xx_hal_tim_ex.o
 .debug_loc     0x000097ed      0xe57 Drivers/STM32F4xx_HAL_Driver/stm32f4xx_hal_uart.o
 .debug_loc     0x0000a644       0xda Drivers/CMSIS/system_stm32f4xx.o
 .debug_loc     0x0000a71e      0x318 Application/User/stm32f4xx_hal_msp.o
 .debug_loc     0x0000aa36      0x99d Application/User/IMU/MadgwickAHRS.o
 .debug_loc     0x0000b3d3       0x58 Application/User/HAL/battery.o
 .debug_loc     0x0000b42b       0x2c Application/User/HAL/delay.o
 .debug_loc     0x0000b457      0x6c7 Application/User/HAL/imu.o
 .debug_loc     0x0000bb1e      0x1d7 Application/User/HAL/led.o
 .debug_loc     0x0000bcf5      0x635 Application/User/HAL/serial.o
 .debug_loc     0x0000c32a       0x2c Application/User/APP/app_main.o
 .debug_loc     0x0000c356       0xc8 Application/User/APP/threshold.o

.debug_aranges  0x00000000     0x1120
 .debug_aranges
                0x00000000       0xc0 Drivers/STM32F4xx_HAL_Driver/stm32f4xx_hal.o
 .debug_aranges
                0x000000c0       0xe0 Drivers/STM32F4xx_HAL_Driver/stm32f4xx_hal_adc.o
 .debug_aranges
                0x000001a0       0x90 Drivers/STM32F4xx_HAL_Driver/stm32f4xx_hal_adc_ex.o
 .debug_aranges
                0x00000230       0x98 Drivers/STM32F4xx_HAL_Driver/stm32f4xx_hal_cortex.o
 .debug_aranges
                0x000002c8       0x68 Drivers/STM32F4xx_HAL_Driver/stm32f4xx_hal_dma.o
 .debug_aranges
                0x00000330       0x58 Drivers/STM32F4xx_HAL_Driver/stm32f4xx_hal_gpio.o
 .debug_aranges
                0x00000388      0x190 Drivers/STM32F4xx_HAL_Driver/stm32f4xx_hal_i2c.o
 .debug_aranges
                0x00000518       0x88 Drivers/STM32F4xx_HAL_Driver/stm32f4xx_hal_rcc.o
 .debug_aranges
                0x000005a0      0x150 Drivers/STM32F4xx_HAL_Driver/stm32f4xx_hal_spi.o
 .debug_aranges
                0x000006f0      0x330 Drivers/STM32F4xx_HAL_Driver/stm32f4xx_hal_tim.o
 .debug_aranges
                0x00000a20      0x140 Drivers/STM32F4xx_HAL_Driver/stm32f4xx_hal_tim_ex.o
 .debug_aranges
                0x00000b60      0x138 Drivers/STM32F4xx_HAL_Driver/stm32f4xx_hal_uart.o
 .debug_aranges
                0x00000c98       0x28 Drivers/CMSIS/system_stm32f4xx.o
 .debug_aranges
                0x00000cc0       0x28 Application/User/main.o
 .debug_aranges
                0x00000ce8       0x70 Application/User/stm32f4xx_hal_msp.o
 .debug_aranges
                0x00000d58       0xc0 Application/User/stm32f4xx_it.o
 .debug_aranges
                0x00000e18       0x30 Application/User/IMU/MadgwickAHRS.o
 .debug_aranges
                0x00000e48       0x38 Application/User/HAL/app_fw.o
 .debug_aranges
                0x00000e80       0x30 Application/User/HAL/battery.o
 .debug_aranges
                0x00000eb0       0x20 Application/User/HAL/delay.o
 .debug_aranges
                0x00000ed0       0xb8 Application/User/HAL/imu.o
 .debug_aranges
                0x00000f88       0x58 Application/User/HAL/led.o
 .debug_aranges
                0x00000fe0       0x70 Application/User/HAL/serial.o
 .debug_aranges
                0x00001050       0x40 Application/User/APP/app_main.o
 .debug_aranges
                0x00001090       0x28 Application/User/APP/ihm.o
 .debug_aranges
                0x000010b8       0x40 Application/User/APP/threshold.o
 .debug_aranges
                0x000010f8       0x28 Application/SW4STM32/startup_stm32f415xx.o

.debug_ranges   0x00000000     0x1518
 .debug_ranges  0x00000000       0xb0 Drivers/STM32F4xx_HAL_Driver/stm32f4xx_hal.o
 .debug_ranges  0x000000b0       0xd0 Drivers/STM32F4xx_HAL_Driver/stm32f4xx_hal_adc.o
 .debug_ranges  0x00000180       0x80 Drivers/STM32F4xx_HAL_Driver/stm32f4xx_hal_adc_ex.o
 .debug_ranges  0x00000200      0x120 Drivers/STM32F4xx_HAL_Driver/stm32f4xx_hal_cortex.o
 .debug_ranges  0x00000320       0x58 Drivers/STM32F4xx_HAL_Driver/stm32f4xx_hal_dma.o
 .debug_ranges  0x00000378       0x48 Drivers/STM32F4xx_HAL_Driver/stm32f4xx_hal_gpio.o
 .debug_ranges  0x000003c0      0x180 Drivers/STM32F4xx_HAL_Driver/stm32f4xx_hal_i2c.o
 .debug_ranges  0x00000540      0x158 Drivers/STM32F4xx_HAL_Driver/stm32f4xx_hal_rcc.o
 .debug_ranges  0x00000698      0x158 Drivers/STM32F4xx_HAL_Driver/stm32f4xx_hal_spi.o
 .debug_ranges  0x000007f0      0x3c8 Drivers/STM32F4xx_HAL_Driver/stm32f4xx_hal_tim.o
 .debug_ranges  0x00000bb8      0x130 Drivers/STM32F4xx_HAL_Driver/stm32f4xx_hal_tim_ex.o
 .debug_ranges  0x00000ce8      0x128 Drivers/STM32F4xx_HAL_Driver/stm32f4xx_hal_uart.o
 .debug_ranges  0x00000e10       0x18 Drivers/CMSIS/system_stm32f4xx.o
 .debug_ranges  0x00000e28      0x1d8 Application/User/main.o
 .debug_ranges  0x00001000      0x1d8 Application/User/stm32f4xx_hal_msp.o
 .debug_ranges  0x000011d8       0xb0 Application/User/stm32f4xx_it.o
 .debug_ranges  0x00001288       0x20 Application/User/IMU/MadgwickAHRS.o
 .debug_ranges  0x000012a8       0x28 Application/User/HAL/app_fw.o
 .debug_ranges  0x000012d0       0x20 Application/User/HAL/battery.o
 .debug_ranges  0x000012f0       0x10 Application/User/HAL/delay.o
 .debug_ranges  0x00001300       0xa8 Application/User/HAL/imu.o
 .debug_ranges  0x000013a8       0x48 Application/User/HAL/led.o
 .debug_ranges  0x000013f0       0x90 Application/User/HAL/serial.o
 .debug_ranges  0x00001480       0x30 Application/User/APP/app_main.o
 .debug_ranges  0x000014b0       0x18 Application/User/APP/ihm.o
 .debug_ranges  0x000014c8       0x30 Application/User/APP/threshold.o
 .debug_ranges  0x000014f8       0x20 Application/SW4STM32/startup_stm32f415xx.o

.debug_macro    0x00000000    0x165a2
 .debug_macro   0x00000000      0x319 Drivers/STM32F4xx_HAL_Driver/stm32f4xx_hal.o
 .debug_macro   0x00000319      0x89e Drivers/STM32F4xx_HAL_Driver/stm32f4xx_hal.o
 .debug_macro   0x00000bb7      0x184 Drivers/STM32F4xx_HAL_Driver/stm32f4xx_hal.o
 .debug_macro   0x00000d3b      0x1b4 Drivers/STM32F4xx_HAL_Driver/stm32f4xx_hal.o
 .debug_macro   0x00000eef       0x2e Drivers/STM32F4xx_HAL_Driver/stm32f4xx_hal.o
 .debug_macro   0x00000f1d       0x28 Drivers/STM32F4xx_HAL_Driver/stm32f4xx_hal.o
 .debug_macro   0x00000f45       0x22 Drivers/STM32F4xx_HAL_Driver/stm32f4xx_hal.o
 .debug_macro   0x00000f67       0x44 Drivers/STM32F4xx_HAL_Driver/stm32f4xx_hal.o
 .debug_macro   0x00000fab       0x1c Drivers/STM32F4xx_HAL_Driver/stm32f4xx_hal.o
 .debug_macro   0x00000fc7      0x1f7 Drivers/STM32F4xx_HAL_Driver/stm32f4xx_hal.o
 .debug_macro   0x000011be       0x35 Drivers/STM32F4xx_HAL_Driver/stm32f4xx_hal.o
 .debug_macro   0x000011f3       0x50 Drivers/STM32F4xx_HAL_Driver/stm32f4xx_hal.o
 .debug_macro   0x00001243      0xe66 Drivers/STM32F4xx_HAL_Driver/stm32f4xx_hal.o
 .debug_macro   0x000020a9     0x8b71 Drivers/STM32F4xx_HAL_Driver/stm32f4xx_hal.o
 .debug_macro   0x0000ac1a       0x43 Drivers/STM32F4xx_HAL_Driver/stm32f4xx_hal.o
 .debug_macro   0x0000ac5d     0x32ff Drivers/STM32F4xx_HAL_Driver/stm32f4xx_hal.o
 .debug_macro   0x0000df5c       0x58 Drivers/STM32F4xx_HAL_Driver/stm32f4xx_hal.o
 .debug_macro   0x0000dfb4       0x35 Drivers/STM32F4xx_HAL_Driver/stm32f4xx_hal.o
 .debug_macro   0x0000dfe9       0x9c Drivers/STM32F4xx_HAL_Driver/stm32f4xx_hal.o
 .debug_macro   0x0000e085       0x16 Drivers/STM32F4xx_HAL_Driver/stm32f4xx_hal.o
 .debug_macro   0x0000e09b       0x97 Drivers/STM32F4xx_HAL_Driver/stm32f4xx_hal.o
 .debug_macro   0x0000e132      0x27a Drivers/STM32F4xx_HAL_Driver/stm32f4xx_hal.o
 .debug_macro   0x0000e3ac       0xf6 Drivers/STM32F4xx_HAL_Driver/stm32f4xx_hal.o
 .debug_macro   0x0000e4a2       0x10 Drivers/STM32F4xx_HAL_Driver/stm32f4xx_hal.o
 .debug_macro   0x0000e4b2       0x52 Drivers/STM32F4xx_HAL_Driver/stm32f4xx_hal.o
 .debug_macro   0x0000e504       0x16 Drivers/STM32F4xx_HAL_Driver/stm32f4xx_hal.o
 .debug_macro   0x0000e51a       0x43 Drivers/STM32F4xx_HAL_Driver/stm32f4xx_hal.o
 .debug_macro   0x0000e55d      0x180 Drivers/STM32F4xx_HAL_Driver/stm32f4xx_hal.o
 .debug_macro   0x0000e6dd       0x10 Drivers/STM32F4xx_HAL_Driver/stm32f4xx_hal.o
 .debug_macro   0x0000e6ed       0x22 Drivers/STM32F4xx_HAL_Driver/stm32f4xx_hal.o
 .debug_macro   0x0000e70f       0xbd Drivers/STM32F4xx_HAL_Driver/stm32f4xx_hal.o
 .debug_macro   0x0000e7cc       0x16 Drivers/STM32F4xx_HAL_Driver/stm32f4xx_hal.o
 .debug_macro   0x0000e7e2      0x165 Drivers/STM32F4xx_HAL_Driver/stm32f4xx_hal.o
 .debug_macro   0x0000e947       0x50 Drivers/STM32F4xx_HAL_Driver/stm32f4xx_hal.o
 .debug_macro   0x0000e997      0x910 Drivers/STM32F4xx_HAL_Driver/stm32f4xx_hal.o
 .debug_macro   0x0000f2a7      0x9d4 Drivers/STM32F4xx_HAL_Driver/stm32f4xx_hal.o
 .debug_macro   0x0000fc7b      0x11e Drivers/STM32F4xx_HAL_Driver/stm32f4xx_hal.o
 .debug_macro   0x0000fd99      0x130 Drivers/STM32F4xx_HAL_Driver/stm32f4xx_hal.o
 .debug_macro   0x0000fec9       0x27 Drivers/STM32F4xx_HAL_Driver/stm32f4xx_hal.o
 .debug_macro   0x0000fef0      0x272 Drivers/STM32F4xx_HAL_Driver/stm32f4xx_hal.o
 .debug_macro   0x00010162       0x5f Drivers/STM32F4xx_HAL_Driver/stm32f4xx_hal.o
 .debug_macro   0x000101c1      0x23a Drivers/STM32F4xx_HAL_Driver/stm32f4xx_hal.o
 .debug_macro   0x000103fb      0x31a Drivers/STM32F4xx_HAL_Driver/stm32f4xx_hal.o
 .debug_macro   0x00010715      0x162 Drivers/STM32F4xx_HAL_Driver/stm32f4xx_hal.o
 .debug_macro   0x00010877       0xd6 Drivers/STM32F4xx_HAL_Driver/stm32f4xx_hal.o
 .debug_macro   0x0001094d      0x13a Drivers/STM32F4xx_HAL_Driver/stm32f4xx_hal.o
 .debug_macro   0x00010a87      0x21e Drivers/STM32F4xx_HAL_Driver/stm32f4xx_hal.o
 .debug_macro   0x00010ca5       0x2e Drivers/STM32F4xx_HAL_Driver/stm32f4xx_hal.o
 .debug_macro   0x00010cd3      0x17d Drivers/STM32F4xx_HAL_Driver/stm32f4xx_hal.o
 .debug_macro   0x00010e50       0x9e Drivers/STM32F4xx_HAL_Driver/stm32f4xx_hal.o
 .debug_macro   0x00010eee      0x11e Drivers/STM32F4xx_HAL_Driver/stm32f4xx_hal.o
 .debug_macro   0x0001100c       0x7f Drivers/STM32F4xx_HAL_Driver/stm32f4xx_hal.o
 .debug_macro   0x0001108b       0x89 Drivers/STM32F4xx_HAL_Driver/stm32f4xx_hal.o
 .debug_macro   0x00011114      0x202 Drivers/STM32F4xx_HAL_Driver/stm32f4xx_hal.o
 .debug_macro   0x00011316      0x6d9 Drivers/STM32F4xx_HAL_Driver/stm32f4xx_hal.o
 .debug_macro   0x000119ef       0x59 Drivers/STM32F4xx_HAL_Driver/stm32f4xx_hal.o
 .debug_macro   0x00011a48      0x14d Drivers/STM32F4xx_HAL_Driver/stm32f4xx_hal.o
 .debug_macro   0x00011b95      0x287 Drivers/STM32F4xx_HAL_Driver/stm32f4xx_hal.o
 .debug_macro   0x00011e1c      0x125 Drivers/STM32F4xx_HAL_Driver/stm32f4xx_hal.o
 .debug_macro   0x00011f41      0x2cc Drivers/STM32F4xx_HAL_Driver/stm32f4xx_hal_adc.o
 .debug_macro   0x0001220d      0x2cb Drivers/STM32F4xx_HAL_Driver/stm32f4xx_hal_adc_ex.o
 .debug_macro   0x000124d8      0x2cb Drivers/STM32F4xx_HAL_Driver/stm32f4xx_hal_cortex.o
 .debug_macro   0x000127a3      0x2d2 Drivers/STM32F4xx_HAL_Driver/stm32f4xx_hal_dma.o
 .debug_macro   0x00012a75      0x303 Drivers/STM32F4xx_HAL_Driver/stm32f4xx_hal_gpio.o
 .debug_macro   0x00012d78      0x2e1 Drivers/STM32F4xx_HAL_Driver/stm32f4xx_hal_i2c.o
 .debug_macro   0x00013059      0x2f5 Drivers/STM32F4xx_HAL_Driver/stm32f4xx_hal_rcc.o
 .debug_macro   0x0001334e      0x2d1 Drivers/STM32F4xx_HAL_Driver/stm32f4xx_hal_spi.o
 .debug_macro   0x0001361f      0x2cc Drivers/STM32F4xx_HAL_Driver/stm32f4xx_hal_tim.o
 .debug_macro   0x000138eb      0x2cb Drivers/STM32F4xx_HAL_Driver/stm32f4xx_hal_tim_ex.o
 .debug_macro   0x00013bb6      0x2d3 Drivers/STM32F4xx_HAL_Driver/stm32f4xx_hal_uart.o
 .debug_macro   0x00013e89      0x2d1 Drivers/CMSIS/system_stm32f4xx.o
 .debug_macro   0x0001415a      0x2d5 Application/User/main.o
 .debug_macro   0x0001442f      0x2cb Application/User/stm32f4xx_hal_msp.o
 .debug_macro   0x000146fa      0x2d5 Application/User/stm32f4xx_it.o
 .debug_macro   0x000149cf       0xc4 Application/User/IMU/MadgwickAHRS.o
 .debug_macro   0x00014a93      0x16d Application/User/IMU/MadgwickAHRS.o
 .debug_macro   0x00014c00       0x4a Application/User/IMU/MadgwickAHRS.o
 .debug_macro   0x00014c4a       0xde Application/User/IMU/MadgwickAHRS.o
 .debug_macro   0x00014d28      0x2d5 Application/User/HAL/app_fw.o
 .debug_macro   0x00014ffd      0x2de Application/User/HAL/battery.o
 .debug_macro   0x000152db       0x22 Application/User/HAL/battery.o
 .debug_macro   0x000152fd      0x2d5 Application/User/HAL/delay.o
 .debug_macro   0x000155d2      0x326 Application/User/HAL/imu.o
 .debug_macro   0x000158f8      0x2de Application/User/HAL/led.o
 .debug_macro   0x00015bd6      0x2fe Application/User/HAL/serial.o
 .debug_macro   0x00015ed4       0x16 Application/User/HAL/serial.o
 .debug_macro   0x00015eea       0x16 Application/User/HAL/serial.o
 .debug_macro   0x00015f00       0x35 Application/User/HAL/serial.o
 .debug_macro   0x00015f35       0x52 Application/User/HAL/serial.o
 .debug_macro   0x00015f87      0x325 Application/User/APP/app_main.o
 .debug_macro   0x000162ac       0x11 Application/User/APP/ihm.o
 .debug_macro   0x000162bd      0x2e5 Application/User/APP/threshold.o

.debug_line     0x00000000    0x1055d
 .debug_line    0x00000000      0x8a8 Drivers/STM32F4xx_HAL_Driver/stm32f4xx_hal.o
 .debug_line    0x000008a8      0xb81 Drivers/STM32F4xx_HAL_Driver/stm32f4xx_hal_adc.o
 .debug_line    0x00001429      0x9f1 Drivers/STM32F4xx_HAL_Driver/stm32f4xx_hal_adc_ex.o
 .debug_line    0x00001e1a      0x902 Drivers/STM32F4xx_HAL_Driver/stm32f4xx_hal_cortex.o
 .debug_line    0x0000271c      0x973 Drivers/STM32F4xx_HAL_Driver/stm32f4xx_hal_dma.o
 .debug_line    0x0000308f      0x8e1 Drivers/STM32F4xx_HAL_Driver/stm32f4xx_hal_gpio.o
 .debug_line    0x00003970     0x1481 Drivers/STM32F4xx_HAL_Driver/stm32f4xx_hal_i2c.o
 .debug_line    0x00004df1      0xa43 Drivers/STM32F4xx_HAL_Driver/stm32f4xx_hal_rcc.o
 .debug_line    0x00005834     0x1010 Drivers/STM32F4xx_HAL_Driver/stm32f4xx_hal_spi.o
 .debug_line    0x00006844     0x17dc Drivers/STM32F4xx_HAL_Driver/stm32f4xx_hal_tim.o
 .debug_line    0x00008020      0xcd8 Drivers/STM32F4xx_HAL_Driver/stm32f4xx_hal_tim_ex.o
 .debug_line    0x00008cf8      0xe9e Drivers/STM32F4xx_HAL_Driver/stm32f4xx_hal_uart.o
 .debug_line    0x00009b96      0x767 Drivers/CMSIS/system_stm32f4xx.o
 .debug_line    0x0000a2fd      0x999 Application/User/main.o
 .debug_line    0x0000ac96      0x9ef Application/User/stm32f4xx_hal_msp.o
 .debug_line    0x0000b685      0x876 Application/User/stm32f4xx_it.o
 .debug_line    0x0000befb      0x4c8 Application/User/IMU/MadgwickAHRS.o
 .debug_line    0x0000c3c3      0x735 Application/User/HAL/app_fw.o
 .debug_line    0x0000caf8      0x73f Application/User/HAL/battery.o
 .debug_line    0x0000d237      0x70c Application/User/HAL/delay.o
 .debug_line    0x0000d943      0xa46 Application/User/HAL/imu.o
 .debug_line    0x0000e389      0x805 Application/User/HAL/led.o
 .debug_line    0x0000eb8e      0x884 Application/User/HAL/serial.o
 .debug_line    0x0000f412      0x870 Application/User/APP/app_main.o
 .debug_line    0x0000fc82       0x5a Application/User/APP/ihm.o
 .debug_line    0x0000fcdc      0x7c0 Application/User/APP/threshold.o
 .debug_line    0x0001049c       0xc1 Application/SW4STM32/startup_stm32f415xx.o

.debug_str      0x00000000    0x81af6
 .debug_str     0x00000000    0x7be90 Drivers/STM32F4xx_HAL_Driver/stm32f4xx_hal.o
                              0x7c21f (size before relaxing)
 .debug_str     0x0007be90      0x76a Drivers/STM32F4xx_HAL_Driver/stm32f4xx_hal_adc.o
                              0x7bf93 (size before relaxing)
 .debug_str     0x0007c5fa      0x2f2 Drivers/STM32F4xx_HAL_Driver/stm32f4xx_hal_adc_ex.o
                              0x7bfe2 (size before relaxing)
 .debug_str     0x0007c8ec      0x380 Drivers/STM32F4xx_HAL_Driver/stm32f4xx_hal_cortex.o
                              0x7c079 (size before relaxing)
 .debug_str     0x0007cc6c      0x1b7 Drivers/STM32F4xx_HAL_Driver/stm32f4xx_hal_dma.o
                              0x7bb31 (size before relaxing)
 .debug_str     0x0007ce23      0x2e7 Drivers/STM32F4xx_HAL_Driver/stm32f4xx_hal_gpio.o
                              0x7baad (size before relaxing)
 .debug_str     0x0007d10a      0x7e8 Drivers/STM32F4xx_HAL_Driver/stm32f4xx_hal_i2c.o
                              0x7c19b (size before relaxing)
 .debug_str     0x0007d8f2      0x38b Drivers/STM32F4xx_HAL_Driver/stm32f4xx_hal_rcc.o
                              0x7bc52 (size before relaxing)
 .debug_str     0x0007dc7d      0x54a Drivers/STM32F4xx_HAL_Driver/stm32f4xx_hal_spi.o
                              0x7bf3a (size before relaxing)
 .debug_str     0x0007e1c7      0xe7e Drivers/STM32F4xx_HAL_Driver/stm32f4xx_hal_tim.o
                              0x7c8ac (size before relaxing)
 .debug_str     0x0007f045      0x4ff Drivers/STM32F4xx_HAL_Driver/stm32f4xx_hal_tim_ex.o
                              0x7c164 (size before relaxing)
 .debug_str     0x0007f544      0x4d1 Drivers/STM32F4xx_HAL_Driver/stm32f4xx_hal_uart.o
                              0x7bf2d (size before relaxing)
 .debug_str     0x0007fa15       0x9c Drivers/CMSIS/system_stm32f4xx.o
                              0x7b85e (size before relaxing)
 .debug_str     0x0007fab1      0x20e Application/User/main.o
                              0x7d03b (size before relaxing)
 .debug_str     0x0007fcbf       0x38 Application/User/stm32f4xx_hal_msp.o
                              0x7ca9c (size before relaxing)
 .debug_str     0x0007fcf7      0x1d4 Application/User/stm32f4xx_it.o
                              0x7c20a (size before relaxing)
 .debug_str     0x0007fecb      0x7ab Application/User/IMU/MadgwickAHRS.o
                               0x44e2 (size before relaxing)
 .debug_str     0x00080676       0x35 Application/User/HAL/app_fw.o
                              0x7b6aa (size before relaxing)
 .debug_str     0x000806ab      0x12d Application/User/HAL/battery.o
                              0x7bd22 (size before relaxing)
 .debug_str     0x000807d8       0x3f Application/User/HAL/delay.o
                              0x7b686 (size before relaxing)
 .debug_str     0x00080817      0xc12 Application/User/HAL/imu.o
                              0x7ce0d (size before relaxing)
 .debug_str     0x00081429      0x18d Application/User/HAL/led.o
                              0x7b8b6 (size before relaxing)
 .debug_str     0x000815b6      0x2b2 Application/User/HAL/serial.o
                              0x7be4a (size before relaxing)
 .debug_str     0x00081868      0x1c1 Application/User/APP/app_main.o
                              0x7c290 (size before relaxing)
 .debug_str     0x00081a29       0x1e Application/User/APP/ihm.o
                               0x2588 (size before relaxing)
 .debug_str     0x00081a47       0xaf Application/User/APP/threshold.o
                              0x7b7d6 (size before relaxing)

.comment        0x00000000       0x70
 .comment       0x00000000       0x70 Drivers/STM32F4xx_HAL_Driver/stm32f4xx_hal.o
                                 0x71 (size before relaxing)
 .comment       0x00000000       0x71 Drivers/STM32F4xx_HAL_Driver/stm32f4xx_hal_adc.o
 .comment       0x00000000       0x71 Drivers/STM32F4xx_HAL_Driver/stm32f4xx_hal_adc_ex.o
 .comment       0x00000000       0x71 Drivers/STM32F4xx_HAL_Driver/stm32f4xx_hal_cortex.o
 .comment       0x00000000       0x71 Drivers/STM32F4xx_HAL_Driver/stm32f4xx_hal_dma.o
 .comment       0x00000000       0x71 Drivers/STM32F4xx_HAL_Driver/stm32f4xx_hal_gpio.o
 .comment       0x00000000       0x71 Drivers/STM32F4xx_HAL_Driver/stm32f4xx_hal_i2c.o
 .comment       0x00000000       0x71 Drivers/STM32F4xx_HAL_Driver/stm32f4xx_hal_rcc.o
 .comment       0x00000000       0x71 Drivers/STM32F4xx_HAL_Driver/stm32f4xx_hal_spi.o
 .comment       0x00000000       0x71 Drivers/STM32F4xx_HAL_Driver/stm32f4xx_hal_tim.o
 .comment       0x00000000       0x71 Drivers/STM32F4xx_HAL_Driver/stm32f4xx_hal_tim_ex.o
 .comment       0x00000000       0x71 Drivers/STM32F4xx_HAL_Driver/stm32f4xx_hal_uart.o
 .comment       0x00000000       0x71 Drivers/CMSIS/system_stm32f4xx.o
 .comment       0x00000000       0x71 Application/User/main.o
 .comment       0x00000000       0x71 Application/User/stm32f4xx_hal_msp.o
 .comment       0x00000000       0x71 Application/User/stm32f4xx_it.o
 .comment       0x00000000       0x71 Application/User/IMU/MadgwickAHRS.o
 .comment       0x00000000       0x71 Application/User/HAL/app_fw.o
 .comment       0x00000000       0x71 Application/User/HAL/battery.o
 .comment       0x00000000       0x71 Application/User/HAL/delay.o
 .comment       0x00000000       0x71 Application/User/HAL/imu.o
 .comment       0x00000000       0x71 Application/User/HAL/led.o
 .comment       0x00000000       0x71 Application/User/HAL/serial.o
 .comment       0x00000000       0x71 Application/User/APP/app_main.o
 .comment       0x00000000       0x71 Application/User/APP/ihm.o
 .comment       0x00000000       0x71 Application/User/APP/threshold.o

.debug_frame    0x00000000     0x2e48
 .debug_frame   0x00000000      0x184 Drivers/STM32F4xx_HAL_Driver/stm32f4xx_hal.o
 .debug_frame   0x00000184      0x230 Drivers/STM32F4xx_HAL_Driver/stm32f4xx_hal_adc.o
 .debug_frame   0x000003b4      0x160 Drivers/STM32F4xx_HAL_Driver/stm32f4xx_hal_adc_ex.o
 .debug_frame   0x00000514      0x134 Drivers/STM32F4xx_HAL_Driver/stm32f4xx_hal_cortex.o
 .debug_frame   0x00000648      0x118 Drivers/STM32F4xx_HAL_Driver/stm32f4xx_hal_dma.o
 .debug_frame   0x00000760       0xc4 Drivers/STM32F4xx_HAL_Driver/stm32f4xx_hal_gpio.o
 .debug_frame   0x00000824      0x58c Drivers/STM32F4xx_HAL_Driver/stm32f4xx_hal_i2c.o
 .debug_frame   0x00000db0      0x154 Drivers/STM32F4xx_HAL_Driver/stm32f4xx_hal_rcc.o
 .debug_frame   0x00000f04      0x3ac Drivers/STM32F4xx_HAL_Driver/stm32f4xx_hal_spi.o
 .debug_frame   0x000012b0      0x88c Drivers/STM32F4xx_HAL_Driver/stm32f4xx_hal_tim.o
 .debug_frame   0x00001b3c      0x370 Drivers/STM32F4xx_HAL_Driver/stm32f4xx_hal_tim_ex.o
 .debug_frame   0x00001eac      0x314 Drivers/STM32F4xx_HAL_Driver/stm32f4xx_hal_uart.o
 .debug_frame   0x000021c0       0x30 Drivers/CMSIS/system_stm32f4xx.o
 .debug_frame   0x000021f0       0x54 Application/User/main.o
 .debug_frame   0x00002244      0x170 Application/User/stm32f4xx_hal_msp.o
 .debug_frame   0x000023b4      0x190 Application/User/stm32f4xx_it.o
 .debug_frame   0x00002544      0x114 Application/User/IMU/MadgwickAHRS.o
 .debug_frame   0x00002658       0x58 Application/User/HAL/app_fw.o
 .debug_frame   0x000026b0       0x54 Application/User/HAL/battery.o
 .debug_frame   0x00002704       0x28 Application/User/HAL/delay.o
 .debug_frame   0x0000272c      0x21c Application/User/HAL/imu.o
 .debug_frame   0x00002948       0xf4 Application/User/HAL/led.o
 .debug_frame   0x00002a3c      0x154 Application/User/HAL/serial.o
 .debug_frame   0x00002b90       0xb0 Application/User/APP/app_main.o
 .debug_frame   0x00002c40       0x30 Application/User/APP/ihm.o
 .debug_frame   0x00002c70       0x70 Application/User/APP/threshold.o
 .debug_frame   0x00002ce0       0x2c c:/ac6/systemworkbench/plugins/fr.ac6.mcu.externaltools.arm-none.win32_1.3.0.201507241045/tools/compiler/bin/../lib/gcc/arm-none-eabi/4.9.3/../../../../arm-none-eabi/lib/armv7e-m/fpu\libc_nano.a(lib_a-init.o)
 .debug_frame   0x00002d0c       0x20 c:/ac6/systemworkbench/plugins/fr.ac6.mcu.externaltools.arm-none.win32_1.3.0.201507241045/tools/compiler/bin/../lib/gcc/arm-none-eabi/4.9.3/../../../../arm-none-eabi/lib/armv7e-m/fpu\libc_nano.a(lib_a-errno.o)
 .debug_frame   0x00002d2c      0x11c c:/ac6/systemworkbench/plugins/fr.ac6.mcu.externaltools.arm-none.win32_1.3.0.201507241045/tools/compiler/bin/../lib/gcc/arm-none-eabi/4.9.3/../../../../arm-none-eabi/lib/armv7e-m/fpu\libc_nano.a(lib_a-findfp.o)